INFO:root:Track Number: 0
INFO:root:Passing Track Number 0
INFO:root:Track Number: 1
INFO:root:Passing Track Number 1
INFO:root:Track Number: 2
INFO:root:Passing Track Number 2
INFO:root:Track Number: 3
INFO:root:Passing Track Number 3
INFO:root:Track Number: 4
INFO:root:Passing Track Number 4
INFO:root:Track Number: 5
INFO:root:Passing Track Number 5
INFO:root:Track Number: 6
INFO:root:Passing Track Number 6
INFO:root:Track Number: 7
INFO:root:Passing Track Number 7
INFO:root:Track Number: 8
INFO:root:Passing Track Number 8
INFO:root:Track Number: 9
INFO:root:Passing Track Number 9
INFO:root:Track Number: 10
INFO:root:Passing Track Number 10
INFO:root:Track Number: 11
INFO:root:Passing Track Number 11
INFO:root:Track Number: 12
INFO:root:Passing Track Number 12
INFO:root:Track Number: 13
INFO:root:Passing Track Number 13
INFO:root:Track Number: 14
INFO:root:Passing Track Number 14
INFO:root:Track Number: 15
INFO:root:Passing Track Number 15
INFO:root:Track Number: 16
INFO:root:Passing Track Number 16
INFO:root:Track Number: 17
INFO:root:Passing Track Number 17
INFO:root:Track Number: 18
INFO:root:Passing Track Number 18
INFO:root:Track Number: 19
INFO:root:Passing Track Number 19
INFO:root:Track Number: 20
INFO:root:Passing Track Number 20
INFO:root:Track Number: 21
INFO:root:Passing Track Number 21
INFO:root:Track Number: 22
INFO:root:Passing Track Number 22
INFO:root:Track Number: 23
INFO:root:Passing Track Number 23
INFO:root:Track Number: 24
INFO:root:Passing Track Number 24
INFO:root:Track Number: 25
INFO:root:Passing Track Number 25
INFO:root:Track Number: 26
INFO:root:Passing Track Number 26
INFO:root:Track Number: 27
INFO:root:Passing Track Number 27
INFO:root:Track Number: 28
INFO:root:Passing Track Number 28
INFO:root:Track Number: 29
INFO:root:Passing Track Number 29
INFO:root:Track Number: 30
INFO:root:Passing Track Number 30
INFO:root:Track Number: 31
INFO:root:Passing Track Number 31
INFO:root:Track Number: 32
INFO:root:Passing Track Number 32
INFO:root:Track Number: 33
INFO:root:Passing Track Number 33
INFO:root:Track Number: 34
INFO:root:Passing Track Number 34
INFO:root:Track Number: 35
INFO:root:Passing Track Number 35
INFO:root:Track Number: 36
INFO:root:Passing Track Number 36
INFO:root:Track Number: 37
INFO:root:Passing Track Number 37
INFO:root:Track Number: 38
INFO:root:Passing Track Number 38
INFO:root:Track Number: 39
INFO:root:Passing Track Number 39
INFO:root:Track Number: 40
INFO:root:Passing Track Number 40
INFO:root:Track Number: 41
INFO:root:Passing Track Number 41
INFO:root:Track Number: 42
INFO:root:Passing Track Number 42
INFO:root:Track Number: 43
INFO:root:Passing Track Number 43
INFO:root:Track Number: 44
INFO:root:Passing Track Number 44
INFO:root:Track Number: 45
INFO:root:Passing Track Number 45
INFO:root:Track Number: 46
INFO:root:Passing Track Number 46
INFO:root:Track Number: 47
INFO:root:Passing Track Number 47
INFO:root:Track Number: 48
INFO:root:Passing Track Number 48
INFO:root:Track Number: 49
INFO:root:Track Number: 0
INFO:root:Passing Track Number 0
INFO:root:Track Number: 1
INFO:root:Passing Track Number 1
INFO:root:Track Number: 2
INFO:root:Passing Track Number 2
INFO:root:Track Number: 3
INFO:root:Passing Track Number 3
INFO:root:Track Number: 4
INFO:root:Passing Track Number 4
INFO:root:Track Number: 5
INFO:root:Passing Track Number 5
INFO:root:Track Number: 6
INFO:root:Passing Track Number 6
INFO:root:Track Number: 7
INFO:root:Passing Track Number 7
INFO:root:Track Number: 8
INFO:root:Passing Track Number 8
INFO:root:Track Number: 9
INFO:root:Passing Track Number 9
INFO:root:Track Number: 10
INFO:root:Passing Track Number 10
INFO:root:Track Number: 11
INFO:root:Passing Track Number 11
INFO:root:Track Number: 12
INFO:root:Passing Track Number 12
INFO:root:Track Number: 13
INFO:root:Passing Track Number 13
INFO:root:Track Number: 14
INFO:root:Passing Track Number 14
INFO:root:Track Number: 15
INFO:root:Passing Track Number 15
INFO:root:Track Number: 16
INFO:root:Passing Track Number 16
INFO:root:Track Number: 17
INFO:root:Passing Track Number 17
INFO:root:Track Number: 18
INFO:root:Passing Track Number 18
INFO:root:Track Number: 19
INFO:root:Passing Track Number 19
INFO:root:Track Number: 20
INFO:root:Passing Track Number 20
INFO:root:Track Number: 21
INFO:root:Passing Track Number 21
INFO:root:Track Number: 22
INFO:root:Passing Track Number 22
INFO:root:Track Number: 23
INFO:root:Passing Track Number 23
INFO:root:Track Number: 24
INFO:root:Passing Track Number 24
INFO:root:Track Number: 25
INFO:root:Passing Track Number 25
INFO:root:Track Number: 26
INFO:root:Passing Track Number 26
INFO:root:Track Number: 27
INFO:root:Passing Track Number 27
INFO:root:Track Number: 28
INFO:root:Passing Track Number 28
INFO:root:Track Number: 29
INFO:root:Passing Track Number 29
INFO:root:Track Number: 30
INFO:root:Passing Track Number 30
INFO:root:Track Number: 31
INFO:root:Passing Track Number 31
INFO:root:Track Number: 32
INFO:root:Passing Track Number 32
INFO:root:Track Number: 33
INFO:root:Passing Track Number 33
INFO:root:Track Number: 34
INFO:root:Passing Track Number 34
INFO:root:Track Number: 35
INFO:root:Passing Track Number 35
INFO:root:Track Number: 36
INFO:root:Passing Track Number 36
INFO:root:Track Number: 37
INFO:root:Passing Track Number 37
INFO:root:Track Number: 38
INFO:root:Passing Track Number 38
INFO:root:Track Number: 39
INFO:root:Passing Track Number 39
INFO:root:Track Number: 40
INFO:root:Passing Track Number 40
INFO:root:Track Number: 41
INFO:root:Passing Track Number 41
INFO:root:Track Number: 42
INFO:root:Passing Track Number 42
INFO:root:Track Number: 43
INFO:root:Passing Track Number 43
INFO:root:Track Number: 44
INFO:root:Passing Track Number 44
INFO:root:Track Number: 45
INFO:root:Passing Track Number 45
INFO:root:Track Number: 46
INFO:root:Passing Track Number 46
INFO:root:Track Number: 47
INFO:root:Passing Track Number 47
INFO:root:Track Number: 48
INFO:root:Passing Track Number 48
INFO:root:Track Number: 49
INFO:root:Start:2016-08-31 00:00:00. End:2016-09-07 00:00:00
INFO:numexpr.utils:Note: NumExpr detected 12 cores but "NUMEXPR_MAX_THREADS" not set, so enforcing safe limit of 8.
INFO:numexpr.utils:NumExpr defaulting to 8 threads.
INFO:root:Track Number: 0
INFO:root:Passing Track Number 0
INFO:root:Track Number: 1
INFO:root:Passing Track Number 1
INFO:root:Track Number: 2
INFO:root:Passing Track Number 2
INFO:root:Track Number: 3
INFO:root:Passing Track Number 3
INFO:root:Track Number: 4
INFO:root:Passing Track Number 4
INFO:root:Track Number: 5
INFO:root:Passing Track Number 5
INFO:root:Track Number: 6
INFO:root:Passing Track Number 6
INFO:root:Track Number: 7
INFO:root:Passing Track Number 7
INFO:root:Track Number: 8
INFO:root:Passing Track Number 8
INFO:root:Track Number: 9
INFO:root:Passing Track Number 9
INFO:root:Track Number: 10
INFO:root:Passing Track Number 10
INFO:root:Track Number: 11
INFO:root:Passing Track Number 11
INFO:root:Track Number: 12
INFO:root:Passing Track Number 12
INFO:root:Track Number: 13
INFO:root:Passing Track Number 13
INFO:root:Track Number: 14
INFO:root:Passing Track Number 14
INFO:root:Track Number: 15
INFO:root:Passing Track Number 15
INFO:root:Track Number: 16
INFO:root:Passing Track Number 16
INFO:root:Track Number: 17
INFO:root:Passing Track Number 17
INFO:root:Track Number: 18
INFO:root:Passing Track Number 18
INFO:root:Track Number: 19
INFO:root:Passing Track Number 19
INFO:root:Track Number: 20
INFO:root:Passing Track Number 20
INFO:root:Track Number: 21
INFO:root:Passing Track Number 21
INFO:root:Track Number: 22
INFO:root:Passing Track Number 22
INFO:root:Track Number: 23
INFO:root:Passing Track Number 23
INFO:root:Track Number: 24
INFO:root:Passing Track Number 24
INFO:root:Track Number: 25
INFO:root:Passing Track Number 25
INFO:root:Track Number: 26
INFO:root:Passing Track Number 26
INFO:root:Track Number: 27
INFO:root:Passing Track Number 27
INFO:root:Track Number: 28
INFO:root:Passing Track Number 28
INFO:root:Track Number: 29
INFO:root:Passing Track Number 29
INFO:root:Track Number: 30
INFO:root:Passing Track Number 30
INFO:root:Track Number: 31
INFO:root:Passing Track Number 31
INFO:root:Track Number: 32
INFO:root:Passing Track Number 32
INFO:root:Track Number: 33
INFO:root:Passing Track Number 33
INFO:root:Track Number: 34
INFO:root:Passing Track Number 34
INFO:root:Track Number: 35
INFO:root:Passing Track Number 35
INFO:root:Track Number: 36
INFO:root:Passing Track Number 36
INFO:root:Track Number: 37
INFO:root:Passing Track Number 37
INFO:root:Track Number: 38
INFO:root:Passing Track Number 38
INFO:root:Track Number: 39
INFO:root:Passing Track Number 39
INFO:root:Track Number: 40
INFO:root:Passing Track Number 40
INFO:root:Track Number: 41
INFO:root:Passing Track Number 41
INFO:root:Track Number: 42
INFO:root:Passing Track Number 42
INFO:root:Track Number: 43
INFO:root:Passing Track Number 43
INFO:root:Track Number: 44
INFO:root:Passing Track Number 44
INFO:root:Track Number: 45
INFO:root:Passing Track Number 45
INFO:root:Track Number: 46
INFO:root:Passing Track Number 46
INFO:root:Track Number: 47
INFO:root:Passing Track Number 47
INFO:root:Track Number: 48
INFO:root:Passing Track Number 48
INFO:root:Track Number: 49
INFO:root:Start:2016-08-31 00:00:00. End:2016-09-07 00:00:00
INFO:numexpr.utils:Note: NumExpr detected 12 cores but "NUMEXPR_MAX_THREADS" not set, so enforcing safe limit of 8.
INFO:numexpr.utils:NumExpr defaulting to 8 threads.
INFO:root:Track Number: 49
INFO:root:Start:2016-08-31 00:00:00. End:2016-09-07 00:00:00
INFO:numexpr.utils:Note: NumExpr detected 12 cores but "NUMEXPR_MAX_THREADS" not set, so enforcing safe limit of 8.
INFO:numexpr.utils:NumExpr defaulting to 8 threads.
INFO:root:Track Number: 49
INFO:root:Start:2016-08-31 00:00:00. End:2016-09-07 00:00:00
INFO:numexpr.utils:Note: NumExpr detected 12 cores but "NUMEXPR_MAX_THREADS" not set, so enforcing safe limit of 8.
INFO:numexpr.utils:NumExpr defaulting to 8 threads.
INFO:root:Track Number: 49
DEBUG:root:Cleaning...
DEBUG:root:Creating .SMET file...
INFO:root:Start:2016-08-31 00:00:00. End:2016-09-07 00:00:00
INFO:numexpr.utils:Note: NumExpr detected 12 cores but "NUMEXPR_MAX_THREADS" not set, so enforcing safe limit of 8.
INFO:numexpr.utils:NumExpr defaulting to 8 threads.
DEBUG:root:Creating initial .SNO file...
DEBUG:root:Creating configuration .INI file...
DEBUG:root:Running SNOWPACK...
DEBUG:root:Reading .pro file
INFO:root:Track Number: 49
DEBUG:root:Cleaning...
DEBUG:root:Creating .SMET file...
INFO:root:Start:2016-08-31 00:00:00. End:2016-09-07 00:00:00
INFO:numexpr.utils:Note: NumExpr detected 12 cores but "NUMEXPR_MAX_THREADS" not set, so enforcing safe limit of 8.
INFO:numexpr.utils:NumExpr defaulting to 8 threads.
DEBUG:root:Creating initial .SNO file...
DEBUG:root:Creating configuration .INI file...
DEBUG:root:Running SNOWPACK...
DEBUG:root:Reading .pro file
INFO:root:Track Number: 49
DEBUG:root:Cleaning...
DEBUG:root:Creating .SMET file...
INFO:root:Start:2016-08-31 00:00:00. End:2016-09-07 00:00:00
INFO:numexpr.utils:Note: NumExpr detected 12 cores but "NUMEXPR_MAX_THREADS" not set, so enforcing safe limit of 8.
INFO:numexpr.utils:NumExpr defaulting to 8 threads.
DEBUG:root:Creating initial .SNO file...
DEBUG:root:Creating configuration .INI file...
DEBUG:root:Running SNOWPACK...
DEBUG:root:Reading .pro file
WARNING:root:Renormalisation failed - forcing...
INFO:root:Track Number: 49
DEBUG:root:Cleaning...
DEBUG:root:Creating .SMET file...
INFO:root:Start:2016-08-31 00:00:00. End:2016-09-07 00:00:00
INFO:numexpr.utils:Note: NumExpr detected 12 cores but "NUMEXPR_MAX_THREADS" not set, so enforcing safe limit of 8.
INFO:numexpr.utils:NumExpr defaulting to 8 threads.
DEBUG:root:Creating initial .SNO file...
DEBUG:root:Creating configuration .INI file...
DEBUG:root:Running SNOWPACK...
DEBUG:root:Reading .pro file
WARNING:root:Renormalisation failed - forcing...
INFO:root:Track Number: 49
DEBUG:root:Cleaning...
DEBUG:root:Creating .SMET file...
INFO:root:Start:2016-08-31 00:00:00. End:2016-09-07 00:00:00
INFO:numexpr.utils:Note: NumExpr detected 12 cores but "NUMEXPR_MAX_THREADS" not set, so enforcing safe limit of 8.
INFO:numexpr.utils:NumExpr defaulting to 8 threads.
DEBUG:root:Creating initial .SNO file...
DEBUG:root:Creating configuration .INI file...
DEBUG:root:Running SNOWPACK...
DEBUG:root:Reading .pro file
INFO:root:Track Number: 49
DEBUG:root:Cleaning...
DEBUG:root:Creating .SMET file...
INFO:root:Start:2016-08-31 00:00:00. End:2016-09-07 00:00:00
INFO:numexpr.utils:Note: NumExpr detected 12 cores but "NUMEXPR_MAX_THREADS" not set, so enforcing safe limit of 8.
INFO:numexpr.utils:NumExpr defaulting to 8 threads.
DEBUG:root:Creating initial .SNO file...
DEBUG:root:Creating configuration .INI file...
DEBUG:root:Running SNOWPACK...
DEBUG:root:Reading .pro file
WARNING:root:Renormalisation failed - forcing...
INFO:root:Track Number: 49
DEBUG:root:Cleaning...
DEBUG:root:Creating .SMET file...
INFO:root:Start:2016-08-31 00:00:00. End:2016-09-07 00:00:00
INFO:numexpr.utils:Note: NumExpr detected 12 cores but "NUMEXPR_MAX_THREADS" not set, so enforcing safe limit of 8.
INFO:numexpr.utils:NumExpr defaulting to 8 threads.
DEBUG:root:Creating initial .SNO file...
DEBUG:root:Creating configuration .INI file...
DEBUG:root:Running SNOWPACK...
DEBUG:root:Reading .pro file
WARNING:root:Renormalisation failed - forcing...
INFO:root:Track Number: 49
DEBUG:root:Cleaning...
DEBUG:root:Creating .SMET file...
INFO:root:Start:2016-08-31 00:00:00. End:2016-09-07 00:00:00
INFO:numexpr.utils:Note: NumExpr detected 12 cores but "NUMEXPR_MAX_THREADS" not set, so enforcing safe limit of 8.
INFO:numexpr.utils:NumExpr defaulting to 8 threads.
DEBUG:root:Creating initial .SNO file...
DEBUG:root:Creating configuration .INI file...
DEBUG:root:Running SNOWPACK...
DEBUG:root:Reading .pro file
WARNING:root:Renormalisation failed - forcing...
INFO:root:Track Number: 49
DEBUG:root:Cleaning...
DEBUG:root:Creating .SMET file...
INFO:root:Start:2016-08-31 00:00:00. End:2016-09-07 00:00:00
INFO:numexpr.utils:Note: NumExpr detected 12 cores but "NUMEXPR_MAX_THREADS" not set, so enforcing safe limit of 8.
INFO:numexpr.utils:NumExpr defaulting to 8 threads.
DEBUG:root:Creating initial .SNO file...
DEBUG:root:Creating configuration .INI file...
DEBUG:root:Running SNOWPACK...
DEBUG:root:Reading .pro file
INFO:root:Track Number: 49
DEBUG:root:Cleaning...
DEBUG:root:Creating .SMET file...
INFO:root:Start:2016-08-31 00:00:00. End:2016-09-07 00:00:00
INFO:numexpr.utils:Note: NumExpr detected 12 cores but "NUMEXPR_MAX_THREADS" not set, so enforcing safe limit of 8.
INFO:numexpr.utils:NumExpr defaulting to 8 threads.
INFO:root:Track Number: 49
DEBUG:root:Cleaning...
DEBUG:root:Creating .SMET file...
INFO:root:Start:2016-08-31 00:00:00. End:2016-09-07 00:00:00
INFO:numexpr.utils:Note: NumExpr detected 12 cores but "NUMEXPR_MAX_THREADS" not set, so enforcing safe limit of 8.
INFO:numexpr.utils:NumExpr defaulting to 8 threads.
DEBUG:root:Creating initial .SNO file...
DEBUG:root:Creating configuration .INI file...
DEBUG:root:Running SNOWPACK...
DEBUG:root:Reading .pro file
WARNING:root:Renormalisation failed - forcing...
INFO:root:Track Number: 49
DEBUG:root:Cleaning...
DEBUG:root:Creating .SMET file...
INFO:root:Start:2016-08-31 00:00:00. End:2016-09-07 00:00:00
INFO:numexpr.utils:Note: NumExpr detected 12 cores but "NUMEXPR_MAX_THREADS" not set, so enforcing safe limit of 8.
INFO:numexpr.utils:NumExpr defaulting to 8 threads.
DEBUG:root:Creating initial .SNO file...
DEBUG:root:Creating configuration .INI file...
DEBUG:root:Running SNOWPACK...
DEBUG:root:Reading .pro file
WARNING:root:Renormalisation failed - forcing...
INFO:root:Track Number: 49
DEBUG:root:Cleaning...
DEBUG:root:Creating .SMET file...
INFO:root:Start:2016-08-31 00:00:00. End:2016-09-07 00:00:00
INFO:numexpr.utils:Note: NumExpr detected 12 cores but "NUMEXPR_MAX_THREADS" not set, so enforcing safe limit of 8.
INFO:numexpr.utils:NumExpr defaulting to 8 threads.
DEBUG:root:Creating initial .SNO file...
DEBUG:root:Creating configuration .INI file...
DEBUG:root:Running SNOWPACK...
DEBUG:root:Reading .pro file
WARNING:root:Renormalisation failed - forcing...
INFO:root:Track Number: 49
DEBUG:root:Cleaning...
DEBUG:root:Creating .SMET file...
INFO:root:Start:2016-08-31 00:00:00. End:2016-09-07 00:00:00
INFO:numexpr.utils:Note: NumExpr detected 12 cores but "NUMEXPR_MAX_THREADS" not set, so enforcing safe limit of 8.
INFO:numexpr.utils:NumExpr defaulting to 8 threads.
DEBUG:root:Creating initial .SNO file...
DEBUG:root:Creating configuration .INI file...
DEBUG:root:Running SNOWPACK...
DEBUG:root:Reading .pro file
WARNING:root:Renormalisation failed - forcing...
INFO:root:Track Number: 49
DEBUG:root:Cleaning...
DEBUG:root:Creating .SMET file...
INFO:root:Start:2016-08-31 00:00:00. End:2016-09-07 00:00:00
INFO:numexpr.utils:Note: NumExpr detected 12 cores but "NUMEXPR_MAX_THREADS" not set, so enforcing safe limit of 8.
INFO:numexpr.utils:NumExpr defaulting to 8 threads.
INFO:root:Track Number: 49
DEBUG:root:Cleaning...
DEBUG:root:Creating .SMET file...
INFO:root:Start:2016-08-31 00:00:00. End:2016-09-07 00:00:00
INFO:numexpr.utils:Note: NumExpr detected 12 cores but "NUMEXPR_MAX_THREADS" not set, so enforcing safe limit of 8.
INFO:numexpr.utils:NumExpr defaulting to 8 threads.
INFO:root:Track Number: 49
DEBUG:root:Cleaning...
DEBUG:root:Creating .SMET file...
INFO:root:Start:2016-08-31 00:00:00. End:2016-09-07 00:00:00
INFO:numexpr.utils:Note: NumExpr detected 12 cores but "NUMEXPR_MAX_THREADS" not set, so enforcing safe limit of 8.
INFO:numexpr.utils:NumExpr defaulting to 8 threads.
INFO:root:Track Number: 49
DEBUG:root:Cleaning...
DEBUG:root:Creating .SMET file...
INFO:root:Start:2016-08-31 00:00:00. End:2016-09-07 00:00:00
INFO:numexpr.utils:Note: NumExpr detected 12 cores but "NUMEXPR_MAX_THREADS" not set, so enforcing safe limit of 8.
INFO:numexpr.utils:NumExpr defaulting to 8 threads.
INFO:root:Track Number: 49
DEBUG:root:Cleaning...
DEBUG:root:Creating .SMET file...
INFO:root:Start:2016-08-31 00:00:00. End:2016-09-07 00:00:00
INFO:numexpr.utils:Note: NumExpr detected 12 cores but "NUMEXPR_MAX_THREADS" not set, so enforcing safe limit of 8.
INFO:numexpr.utils:NumExpr defaulting to 8 threads.
INFO:root:Track Number: 49
DEBUG:root:Cleaning...
DEBUG:root:Creating .SMET file...
INFO:root:Start:2016-08-31 00:00:00. End:2016-09-07 00:00:00
INFO:numexpr.utils:Note: NumExpr detected 12 cores but "NUMEXPR_MAX_THREADS" not set, so enforcing safe limit of 8.
INFO:numexpr.utils:NumExpr defaulting to 8 threads.
INFO:root:Track Number: 49
DEBUG:root:Cleaning...
DEBUG:root:Creating .SMET file...
INFO:root:Start:2016-08-31 00:00:00. End:2016-09-07 00:00:00
INFO:root:Track Number: 49
DEBUG:root:Cleaning...
DEBUG:root:Creating .SMET file...
INFO:root:Start:2016-08-31 00:00:00. End:2016-09-07 00:00:00
INFO:numexpr.utils:NumExpr defaulting to 8 threads.
INFO:root:Track Number: 49
DEBUG:root:Cleaning...
DEBUG:root:Creating .SMET file...
INFO:root:Start:2016-08-31 00:00:00. End:2016-09-07 00:00:00
INFO:numexpr.utils:NumExpr defaulting to 8 threads.
INFO:root:Track Number: 49
DEBUG:root:Cleaning...
DEBUG:root:Creating .SMET file...
INFO:root:Start:2016-08-31 00:00:00. End:2016-09-07 00:00:00
INFO:numexpr.utils:NumExpr defaulting to 8 threads.
INFO:root:Track Number: 49
DEBUG:root:Cleaning...
DEBUG:root:Creating .SMET file...
INFO:root:Start:2016-08-31 00:00:00. End:2016-09-07 00:00:00
INFO:numexpr.utils:NumExpr defaulting to 8 threads.
INFO:root:Track Number: 49
DEBUG:root:Cleaning...
DEBUG:root:Creating .SMET file...
INFO:root:Start:2016-08-31 00:00:00. End:2016-09-07 00:00:00
INFO:numexpr.utils:NumExpr defaulting to 8 threads.
INFO:root:Track Number: 49
DEBUG:root:Cleaning...
DEBUG:root:Creating .SMET file...
INFO:root:Start:2016-08-31 00:00:00. End:2016-09-07 00:00:00
INFO:numexpr.utils:NumExpr defaulting to 8 threads.
INFO:root:Track Number: 49
DEBUG:root:Cleaning...
DEBUG:root:Creating .SMET file...
INFO:root:Start:2016-08-31 00:00:00. End:2016-09-07 00:00:00
INFO:numexpr.utils:NumExpr defaulting to 8 threads.
INFO:root:Track Number: 49
DEBUG:root:Cleaning...
DEBUG:root:Creating .SMET file...
INFO:root:Start:2016-08-31 00:00:00. End:2016-09-07 00:00:00
INFO:numexpr.utils:NumExpr defaulting to 8 threads.
INFO:root:Track Number: 49
DEBUG:root:Cleaning...
DEBUG:root:Creating .SMET file...
INFO:root:Start:2016-08-31 00:00:00. End:2016-09-07 00:00:00
INFO:numexpr.utils:NumExpr defaulting to 8 threads.
INFO:root:Track Number: 49
DEBUG:root:Cleaning...
DEBUG:root:Creating .SMET file...
INFO:root:Start:2016-08-31 00:00:00. End:2016-09-07 00:00:00
INFO:root:Track Number: 49
DEBUG:root:Cleaning...
DEBUG:root:Creating .SMET file...
INFO:root:Start:2016-08-31 00:00:00. End:2016-09-07 00:00:00
INFO:root:Track Number: 49
DEBUG:root:Cleaning...
DEBUG:root:Creating .SMET file...
INFO:root:Start:2016-08-31 00:00:00. End:2016-09-07 00:00:00
INFO:root:Track Number: 49
DEBUG:root:Cleaning...
DEBUG:root:Creating .SMET file...
INFO:root:Start:2016-08-31 00:00:00. End:2016-09-07 00:00:00
INFO:numexpr.utils:NumExpr defaulting to 8 threads.
INFO:root:Track Number: 49
DEBUG:root:Cleaning...
DEBUG:root:Creating .SMET file...
INFO:root:Start:2016-08-31 00:00:00. End:2016-09-07 00:00:00
INFO:numexpr.utils:NumExpr defaulting to 8 threads.
INFO:root:Track Number: 49
DEBUG:root:Cleaning...
DEBUG:root:Creating .SMET file...
INFO:root:Start:2016-08-31 00:00:00. End:2016-09-07 00:00:00
INFO:numexpr.utils:NumExpr defaulting to 8 threads.
INFO:root:Track Number: 49
DEBUG:root:Cleaning...
DEBUG:root:Creating .SMET file...
INFO:root:Start:2016-08-31 00:00:00. End:2016-09-07 00:00:00
INFO:root:Track Number: 49
DEBUG:root:Cleaning...
DEBUG:root:Creating .SMET file...
INFO:root:Start:2016-08-31 00:00:00. End:2016-09-07 00:00:00
INFO:root:Track Number: 49
DEBUG:root:Cleaning...
DEBUG:root:Creating .SMET file...
INFO:root:Start:2016-08-31 00:00:00. End:2016-09-07 00:00:00
INFO:root:Track Number: 49
DEBUG:root:Cleaning...
DEBUG:root:Creating .SMET file...
INFO:root:Start:2016-08-31 00:00:00. End:2016-09-07 00:00:00
INFO:root:Track Number: 49
DEBUG:root:Cleaning...
DEBUG:root:Creating .SMET file...
INFO:root:Start:2016-08-31 00:00:00. End:2016-09-07 00:00:00
INFO:root:Track Number: 49
DEBUG:root:Cleaning...
DEBUG:root:Creating .SMET file...
INFO:root:Start:2016-08-31 00:00:00. End:2016-09-07 00:00:00
INFO:root:Track Number: 49
DEBUG:root:Cleaning...
DEBUG:root:Creating .SMET file...
INFO:root:Start:2016-08-31 00:00:00. End:2016-09-07 00:00:00
INFO:root:Track Number: 49
DEBUG:root:Cleaning...
DEBUG:root:Creating .SMET file...
INFO:root:Start:2016-08-31 00:00:00. End:2016-09-07 00:00:00
INFO:root:Track Number: 49
DEBUG:root:Cleaning...
DEBUG:root:Creating .SMET file...
INFO:root:Start:2016-08-31 00:00:00. End:2016-09-07 00:00:00
INFO:numexpr.utils:NumExpr defaulting to 8 threads.
INFO:root:Track Number: 49
DEBUG:root:Cleaning...
DEBUG:root:Creating .SMET file...
INFO:root:Start:2016-08-31 00:00:00. End:2016-09-07 00:00:00
INFO:numexpr.utils:NumExpr defaulting to 8 threads.
INFO:root:Track Number: 49
DEBUG:root:Cleaning...
DEBUG:root:Creating .SMET file...
INFO:root:Start:2016-08-31 00:00:00. End:2016-09-07 00:00:00
INFO:numexpr.utils:NumExpr defaulting to 8 threads.
INFO:root:Track Number: 49
DEBUG:root:Cleaning...
DEBUG:root:Creating .SMET file...
INFO:root:Start:2016-08-31 00:00:00. End:2016-09-07 00:00:00
INFO:numexpr.utils:NumExpr defaulting to 8 threads.
DEBUG:root:Creating initial .SNO file...
DEBUG:root:Creating configuration .INI file...
DEBUG:root:Running SNOWPACK...
DEBUG:root:Reading .pro file
INFO:root:Track Number: 49
DEBUG:root:Cleaning...
DEBUG:root:Creating .SMET file...
INFO:root:Start:2016-08-31 00:00:00. End:2016-09-07 00:00:00
INFO:numexpr.utils:NumExpr defaulting to 8 threads.
DEBUG:root:Creating initial .SNO file...
DEBUG:root:Creating configuration .INI file...
DEBUG:root:Running SNOWPACK...
DEBUG:root:Reading .pro file
INFO:root:Track Number: 49
DEBUG:root:Cleaning...
DEBUG:root:Creating .SMET file...
INFO:root:Start:2016-08-31 00:00:00. End:2016-09-07 00:00:00
INFO:numexpr.utils:NumExpr defaulting to 8 threads.
DEBUG:root:Creating initial .SNO file...
DEBUG:root:Creating configuration .INI file...
DEBUG:root:Running SNOWPACK...
DEBUG:root:Reading .pro file
INFO:root:Track Number: 49
DEBUG:root:Cleaning...
DEBUG:root:Creating .SMET file...
INFO:root:Start:2016-08-31 00:00:00. End:2016-09-07 00:00:00
INFO:numexpr.utils:NumExpr defaulting to 8 threads.
DEBUG:root:Creating initial .SNO file...
DEBUG:root:Creating configuration .INI file...
DEBUG:root:Running SNOWPACK...
INFO:root:Track Number: 49
DEBUG:root:Cleaning...
DEBUG:root:Creating .SMET file...
INFO:root:Start:2016-08-31 00:00:00. End:2016-09-07 00:00:00
INFO:root:Track Number: 49
DEBUG:root:Cleaning...
DEBUG:root:Creating .SMET file...
INFO:root:Start:2016-08-31 00:00:00. End:2016-09-07 00:00:00
INFO:root:Track Number: 49
DEBUG:root:Cleaning...
DEBUG:root:Creating .SMET file...
INFO:root:Start:2016-08-31 00:00:00. End:2016-09-07 00:00:00
INFO:root:Track Number: 49
DEBUG:root:Cleaning...
DEBUG:root:Creating .SMET file...
INFO:root:Start:2016-08-31 00:00:00. End:2016-09-07 00:00:00
INFO:numexpr.utils:NumExpr defaulting to 8 threads.
DEBUG:root:Creating initial .SNO file...
DEBUG:root:Creating configuration .INI file...
DEBUG:root:Running SNOWPACK...
INFO:root:Track Number: 49
DEBUG:root:Cleaning...
DEBUG:root:Creating .SMET file...
INFO:root:Start:2016-08-31 00:00:00. End:2016-09-07 00:00:00
INFO:numexpr.utils:NumExpr defaulting to 8 threads.
DEBUG:root:Creating initial .SNO file...
DEBUG:root:Creating configuration .INI file...
DEBUG:root:Running SNOWPACK...
DEBUG:root:Reading .pro file
INFO:root:Track Number: 49
DEBUG:root:Cleaning...
DEBUG:root:Creating .SMET file...
INFO:root:Start:2016-08-31 00:00:00. End:2016-09-07 00:00:00
INFO:numexpr.utils:NumExpr defaulting to 8 threads.
DEBUG:root:Creating initial .SNO file...
DEBUG:root:Creating configuration .INI file...
DEBUG:root:Running SNOWPACK...
DEBUG:root:Reading .pro file
INFO:root:Track Number: 49
DEBUG:root:Cleaning...
DEBUG:root:Creating .SMET file...
INFO:root:Start:2016-08-31 00:00:00. End:2016-09-07 00:00:00
INFO:numexpr.utils:NumExpr defaulting to 8 threads.
DEBUG:root:Creating initial .SNO file...
DEBUG:root:Creating configuration .INI file...
DEBUG:root:Running SNOWPACK...
DEBUG:root:Reading .pro file
INFO:root:Track Number: 49
DEBUG:root:Cleaning...
DEBUG:root:Creating .SMET file...
INFO:root:Start:2016-08-31 00:00:00. End:2016-09-07 00:00:00
INFO:numexpr.utils:NumExpr defaulting to 8 threads.
DEBUG:root:Creating initial .SNO file...
DEBUG:root:Creating configuration .INI file...
DEBUG:root:Running SNOWPACK...
DEBUG:root:Reading .pro file
INFO:root:Track Number: 49
DEBUG:root:Cleaning...
DEBUG:root:Creating .SMET file...
INFO:root:Start:2016-08-31 00:00:00. End:2016-09-07 00:00:00
INFO:numexpr.utils:NumExpr defaulting to 8 threads.
DEBUG:root:Creating initial .SNO file...
DEBUG:root:Creating configuration .INI file...
DEBUG:root:Running SNOWPACK...
INFO:root:Track Number: 49
DEBUG:root:Cleaning...
DEBUG:root:Creating .SMET file...
INFO:root:Track Number: 49
DEBUG:root:Cleaning...
DEBUG:root:Creating .SMET file...
INFO:root:Start:2016-08-31 00:00:00. End:2016-09-07 00:00:00
INFO:numexpr.utils:NumExpr defaulting to 8 threads.
DEBUG:root:Creating initial .SNO file...
DEBUG:root:Creating configuration .INI file...
INFO:root:Track Number: 40
DEBUG:root:Cleaning...
DEBUG:root:Creating .SMET file...
DEBUG:root:Empty list upon trimming nans
INFO:root:Passing Track Number 40
INFO:root:Track Number: 40
DEBUG:root:Cleaning...
DEBUG:root:Creating .SMET file...
DEBUG:root:Empty list upon trimming nans
INFO:root:Passing Track Number 40
INFO:root:Track Number: 49
DEBUG:root:Cleaning...
DEBUG:root:Creating .SMET file...
INFO:root:Start:2016-08-31 00:00:00. End:2016-09-07 00:00:00
INFO:numexpr.utils:NumExpr defaulting to 8 threads.
DEBUG:root:Creating initial .SNO file...
DEBUG:root:Creating configuration .INI file...
INFO:root:Track Number: 40
DEBUG:root:Cleaning...
DEBUG:root:Creating .SMET file...
DEBUG:root:Empty list upon trimming nans
INFO:root:Passing Track Number 40
INFO:root:Track Number: 49
DEBUG:root:Cleaning...
DEBUG:root:Creating .SMET file...
INFO:root:Start:2016-08-31 00:00:00. End:2016-09-07 00:00:00
INFO:numexpr.utils:NumExpr defaulting to 8 threads.
DEBUG:root:Creating initial .SNO file...
DEBUG:root:Creating configuration .INI file...
INFO:root:Track Number: 40
DEBUG:root:Cleaning...
DEBUG:root:Creating .SMET file...
DEBUG:root:Empty list upon trimming nans
INFO:root:Passing Track Number 40
INFO:root:Track Number: 49
DEBUG:root:Cleaning...
DEBUG:root:Creating .SMET file...
INFO:root:Start:2016-08-31 00:00:00. End:2016-09-07 00:00:00
INFO:numexpr.utils:NumExpr defaulting to 8 threads.
DEBUG:root:Creating initial .SNO file...
DEBUG:root:Creating configuration .INI file...
INFO:root:Track Number: 40
DEBUG:root:Cleaning...
DEBUG:root:Creating .SMET file...
DEBUG:root:Empty list upon trimming nans
INFO:root:Passing Track Number 40
INFO:root:Track Number: 49
DEBUG:root:Cleaning...
DEBUG:root:Creating .SMET file...
INFO:root:Start:2016-08-31 00:00:00. End:2016-09-07 00:00:00
INFO:numexpr.utils:NumExpr defaulting to 8 threads.
DEBUG:root:Creating initial .SNO file...
DEBUG:root:Creating configuration .INI file...
INFO:root:Track Number: 40
DEBUG:root:Cleaning...
DEBUG:root:Creating .SMET file...
DEBUG:root:Empty list upon trimming nans
INFO:root:Passing Track Number 40
INFO:root:Track Number: 49
DEBUG:root:Cleaning...
DEBUG:root:Creating .SMET file...
INFO:root:Start:2016-08-31 00:00:00. End:2016-09-07 00:00:00
INFO:numexpr.utils:NumExpr defaulting to 8 threads.
DEBUG:root:Creating initial .SNO file...
DEBUG:root:Creating configuration .INI file...
INFO:root:Track Number: 40
DEBUG:root:Cleaning...
DEBUG:root:Creating .SMET file...
DEBUG:root:Empty list upon trimming nans
INFO:root:Passing Track Number 40
INFO:root:Track Number: 49
DEBUG:root:Cleaning...
DEBUG:root:Creating .SMET file...
INFO:root:Start:2016-08-31 00:00:00. End:2016-09-07 00:00:00
INFO:numexpr.utils:NumExpr defaulting to 8 threads.
DEBUG:root:Creating initial .SNO file...
DEBUG:root:Creating configuration .INI file...
INFO:root:Track Number: 40
DEBUG:root:Cleaning...
DEBUG:root:Creating .SMET file...
DEBUG:root:Empty list upon trimming nans
INFO:root:Passing Track Number 40
INFO:root:Track Number: 49
DEBUG:root:Cleaning...
DEBUG:root:Creating .SMET file...
INFO:root:Start:2016-08-31 00:00:00. End:2016-09-07 00:00:00
INFO:numexpr.utils:NumExpr defaulting to 8 threads.
DEBUG:root:Creating initial .SNO file...
DEBUG:root:Creating configuration .INI file...
INFO:root:Track Number: 40
DEBUG:root:Cleaning...
DEBUG:root:Creating .SMET file...
DEBUG:root:Empty list upon trimming nans
INFO:root:Passing Track Number 40
INFO:root:Track Number: 49
DEBUG:root:Cleaning...
DEBUG:root:Creating .SMET file...
INFO:root:Track Number: 40
DEBUG:root:Cleaning...
DEBUG:root:Creating .SMET file...
DEBUG:root:Empty list upon trimming nans
INFO:root:Passing Track Number 40
INFO:root:Track Number: 49
DEBUG:root:Cleaning...
DEBUG:root:Creating .SMET file...
INFO:root:Start:2016-08-31 00:00:00. End:2016-09-07 00:00:00
INFO:numexpr.utils:NumExpr defaulting to 8 threads.
DEBUG:root:Creating initial .SNO file...
DEBUG:root:Creating configuration .INI file...
INFO:root:Track Number: 40
DEBUG:root:Cleaning...
DEBUG:root:Creating .SMET file...
DEBUG:root:Empty list upon trimming nans
INFO:root:Passing Track Number 40
INFO:root:Track Number: 49
DEBUG:root:Cleaning...
DEBUG:root:Creating .SMET file...
INFO:root:Track Number: 40
DEBUG:root:Cleaning...
DEBUG:root:Creating .SMET file...
DEBUG:root:Empty list upon trimming nans
INFO:root:Passing Track Number 40
INFO:root:Track Number: 49
DEBUG:root:Cleaning...
DEBUG:root:Creating .SMET file...
INFO:root:Start:2016-08-31 00:00:00. End:2016-09-07 00:00:00
INFO:numexpr.utils:NumExpr defaulting to 8 threads.
DEBUG:root:Creating initial .SNO file...
DEBUG:root:Creating configuration .INI file...
INFO:root:Track Number: 49
DEBUG:root:Cleaning...
DEBUG:root:Creating .SMET file...
INFO:root:Track Number: 49
DEBUG:root:Cleaning...
DEBUG:root:Creating .SMET file...
INFO:root:Start:2016-08-31 00:00:00. End:2016-09-07 00:00:00
INFO:numexpr.utils:NumExpr defaulting to 8 threads.
DEBUG:root:Creating initial .SNO file...
DEBUG:root:Creating configuration .INI file...
INFO:root:Track Number: 49
DEBUG:root:Cleaning...
DEBUG:root:Creating .SMET file...
INFO:root:Start:2016-08-31 00:00:00. End:2016-09-07 00:00:00
INFO:numexpr.utils:NumExpr defaulting to 8 threads.
DEBUG:root:Creating initial .SNO file...
DEBUG:root:Creating configuration .INI file...
INFO:root:Track Number: 49
DEBUG:root:Cleaning...
DEBUG:root:Creating .SMET file...
INFO:root:Start:2016-08-31 00:00:00. End:2016-09-07 00:00:00
INFO:numexpr.utils:NumExpr defaulting to 8 threads.
DEBUG:root:Creating initial .SNO file...
DEBUG:root:Creating configuration .INI file...
INFO:root:Track Number: 49
DEBUG:root:Cleaning...
DEBUG:root:Creating .SMET file...
INFO:root:Start:2016-08-31 00:00:00. End:2016-09-07 00:00:00
INFO:numexpr.utils:NumExpr defaulting to 8 threads.
DEBUG:root:Creating initial .SNO file...
DEBUG:root:Creating configuration .INI file...
INFO:root:Track Number: 49
DEBUG:root:Cleaning...
DEBUG:root:Creating .SMET file...
INFO:root:Start:2016-08-31 00:00:00. End:2016-09-07 00:00:00
INFO:numexpr.utils:NumExpr defaulting to 8 threads.
DEBUG:root:Creating initial .SNO file...
DEBUG:root:Creating configuration .INI file...
INFO:root:Track Number: 49
DEBUG:root:Cleaning...
DEBUG:root:Creating .SMET file...
INFO:root:Start:2016-08-31 00:00:00. End:2016-09-07 00:00:00
INFO:numexpr.utils:NumExpr defaulting to 8 threads.
DEBUG:root:Creating initial .SNO file...
DEBUG:root:Creating configuration .INI file...
INFO:root:Track Number: 49
DEBUG:root:Cleaning...
DEBUG:root:Creating .SMET file...
INFO:root:Start:2016-08-31 00:00:00. End:2016-09-07 00:00:00
INFO:numexpr.utils:NumExpr defaulting to 8 threads.
DEBUG:root:Creating initial .SNO file...
DEBUG:root:Creating configuration .INI file...
INFO:root:Track Number: 40
DEBUG:root:Cleaning...
DEBUG:root:Creating .SMET file...
INFO:root:Track Number: 40
DEBUG:root:Cleaning...
DEBUG:root:Creating .SMET file...
INFO:root:Track Number: 40
DEBUG:root:Cleaning...
DEBUG:root:Creating .SMET file...
DEBUG:root:Empty list upon trimming nans
INFO:root:Passing Track Number 40
INFO:root:Track Number: 50
DEBUG:root:Cleaning...
DEBUG:root:Creating .SMET file...
DEBUG:root:Empty list upon trimming nans
INFO:root:Passing Track Number 50
INFO:root:Track Number: 60
DEBUG:root:Cleaning...
DEBUG:root:Creating .SMET file...
DEBUG:root:Empty list upon trimming nans
INFO:root:Passing Track Number 60
INFO:root:Track Number: 70
DEBUG:root:Cleaning...
DEBUG:root:Creating .SMET file...
DEBUG:root:Empty list upon trimming nans
INFO:root:Passing Track Number 70
INFO:root:Track Number: 80
DEBUG:root:Cleaning...
DEBUG:root:Creating .SMET file...
DEBUG:root:Empty list upon trimming nans
INFO:root:Passing Track Number 80
INFO:root:Track Number: 90
DEBUG:root:Cleaning...
DEBUG:root:Creating .SMET file...
DEBUG:root:Empty list upon trimming nans
INFO:root:Passing Track Number 90
INFO:root:Track Number: 40
DEBUG:root:Cleaning...
DEBUG:root:Creating .SMET file...
DEBUG:root:Empty list upon trimming nans
INFO:root:Passing Track Number 40
INFO:root:Track Number: 50
DEBUG:root:Cleaning...
DEBUG:root:Creating .SMET file...
DEBUG:root:Empty list upon trimming nans
INFO:root:Passing Track Number 50
INFO:root:Track Number: 60
DEBUG:root:Cleaning...
DEBUG:root:Creating .SMET file...
DEBUG:root:Empty list upon trimming nans
INFO:root:Passing Track Number 60
INFO:root:Track Number: 70
DEBUG:root:Cleaning...
DEBUG:root:Creating .SMET file...
DEBUG:root:Empty list upon trimming nans
INFO:root:Passing Track Number 70
INFO:root:Track Number: 80
DEBUG:root:Cleaning...
DEBUG:root:Creating .SMET file...
DEBUG:root:Empty list upon trimming nans
INFO:root:Passing Track Number 80
INFO:root:Track Number: 90
DEBUG:root:Cleaning...
DEBUG:root:Creating .SMET file...
DEBUG:root:Empty list upon trimming nans
INFO:root:Passing Track Number 90
INFO:root:Track Number: 40
DEBUG:root:Cleaning...
DEBUG:root:Creating .SMET file...
DEBUG:root:Empty list upon trimming nans
INFO:root:Passing Track Number 40
INFO:root:Track Number: 50
DEBUG:root:Cleaning...
DEBUG:root:Creating .SMET file...
DEBUG:root:Empty list upon trimming nans
INFO:root:Passing Track Number 50
INFO:root:Track Number: 60
DEBUG:root:Cleaning...
DEBUG:root:Creating .SMET file...
DEBUG:root:Empty list upon trimming nans
INFO:root:Passing Track Number 60
INFO:root:Track Number: 70
DEBUG:root:Cleaning...
DEBUG:root:Creating .SMET file...
DEBUG:root:Empty list upon trimming nans
INFO:root:Passing Track Number 70
INFO:root:Track Number: 80
DEBUG:root:Cleaning...
DEBUG:root:Creating .SMET file...
DEBUG:root:Empty list upon trimming nans
INFO:root:Passing Track Number 80
INFO:root:Track Number: 90
DEBUG:root:Cleaning...
DEBUG:root:Creating .SMET file...
DEBUG:root:Empty list upon trimming nans
INFO:root:Passing Track Number 90
INFO:root:Track Number: 40
DEBUG:root:Cleaning...
DEBUG:root:Creating .SMET file...
DEBUG:root:Empty list upon trimming nans
INFO:root:Passing Track Number 40
INFO:root:Track Number: 50
DEBUG:root:Cleaning...
DEBUG:root:Creating .SMET file...
DEBUG:root:Empty list upon trimming nans
INFO:root:Passing Track Number 50
INFO:root:Track Number: 60
DEBUG:root:Cleaning...
DEBUG:root:Creating .SMET file...
DEBUG:root:Empty list upon trimming nans
INFO:root:Passing Track Number 60
INFO:root:Track Number: 70
DEBUG:root:Cleaning...
DEBUG:root:Creating .SMET file...
DEBUG:root:Empty list upon trimming nans
INFO:root:Passing Track Number 70
INFO:root:Track Number: 80
DEBUG:root:Cleaning...
DEBUG:root:Creating .SMET file...
DEBUG:root:Empty list upon trimming nans
INFO:root:Passing Track Number 80
INFO:root:Track Number: 90
DEBUG:root:Cleaning...
DEBUG:root:Creating .SMET file...
DEBUG:root:Empty list upon trimming nans
INFO:root:Passing Track Number 90
INFO:root:Track Number: 40
DEBUG:root:Cleaning...
DEBUG:root:Creating .SMET file...
DEBUG:root:Empty list upon trimming nans
INFO:root:Passing Track Number 40
INFO:root:Track Number: 50
DEBUG:root:Cleaning...
DEBUG:root:Creating .SMET file...
DEBUG:root:Empty list upon trimming nans
INFO:root:Passing Track Number 50
INFO:root:Track Number: 60
DEBUG:root:Cleaning...
DEBUG:root:Creating .SMET file...
DEBUG:root:Empty list upon trimming nans
INFO:root:Passing Track Number 60
INFO:root:Track Number: 70
DEBUG:root:Cleaning...
DEBUG:root:Creating .SMET file...
DEBUG:root:Empty list upon trimming nans
INFO:root:Passing Track Number 70
INFO:root:Track Number: 80
DEBUG:root:Cleaning...
DEBUG:root:Creating .SMET file...
DEBUG:root:Empty list upon trimming nans
INFO:root:Passing Track Number 80
INFO:root:Track Number: 90
DEBUG:root:Cleaning...
DEBUG:root:Creating .SMET file...
DEBUG:root:Empty list upon trimming nans
INFO:root:Passing Track Number 90
INFO:root:Track Number: 40
DEBUG:root:Cleaning...
DEBUG:root:Creating .SMET file...
DEBUG:root:Empty list upon trimming nans
INFO:root:Passing Track Number 40
INFO:root:Track Number: 50
DEBUG:root:Cleaning...
DEBUG:root:Creating .SMET file...
DEBUG:root:Empty list upon trimming nans
INFO:root:Passing Track Number 50
INFO:root:Track Number: 60
DEBUG:root:Cleaning...
DEBUG:root:Creating .SMET file...
DEBUG:root:Empty list upon trimming nans
INFO:root:Passing Track Number 60
INFO:root:Track Number: 70
DEBUG:root:Cleaning...
DEBUG:root:Creating .SMET file...
DEBUG:root:Empty list upon trimming nans
INFO:root:Passing Track Number 70
INFO:root:Track Number: 80
DEBUG:root:Cleaning...
DEBUG:root:Creating .SMET file...
DEBUG:root:Empty list upon trimming nans
INFO:root:Passing Track Number 80
INFO:root:Track Number: 90
DEBUG:root:Cleaning...
DEBUG:root:Creating .SMET file...
DEBUG:root:Empty list upon trimming nans
INFO:root:Passing Track Number 90
INFO:root:Track Number: 40
DEBUG:root:Cleaning...
DEBUG:root:Creating .SMET file...
DEBUG:root:Empty list upon trimming nans
INFO:root:Passing Track Number 40
INFO:root:Track Number: 50
DEBUG:root:Cleaning...
DEBUG:root:Creating .SMET file...
DEBUG:root:Empty list upon trimming nans
INFO:root:Passing Track Number 50
INFO:root:Track Number: 60
DEBUG:root:Cleaning...
DEBUG:root:Creating .SMET file...
DEBUG:root:Empty list upon trimming nans
INFO:root:Passing Track Number 60
INFO:root:Track Number: 70
DEBUG:root:Cleaning...
DEBUG:root:Creating .SMET file...
DEBUG:root:Empty list upon trimming nans
INFO:root:Passing Track Number 70
INFO:root:Track Number: 80
DEBUG:root:Cleaning...
DEBUG:root:Creating .SMET file...
DEBUG:root:Empty list upon trimming nans
INFO:root:Passing Track Number 80
INFO:root:Track Number: 90
DEBUG:root:Cleaning...
DEBUG:root:Creating .SMET file...
DEBUG:root:Empty list upon trimming nans
INFO:root:Passing Track Number 90
INFO:root:Track Number: 10040
DEBUG:root:Cleaning...
DEBUG:root:Creating .SMET file...
INFO:root:Start:2016-09-29 00:00:00. End:2017-04-30 00:00:00
INFO:root:Track Number: 10040
DEBUG:root:Cleaning...
DEBUG:root:Creating .SMET file...
INFO:root:Start:2016-09-29 00:00:00. End:2017-04-30 00:00:00
INFO:numexpr.utils:NumExpr defaulting to 8 threads.
DEBUG:root:Creating initial .SNO file...
DEBUG:root:Creating configuration .INI file...
INFO:root:Track Number: 10040
DEBUG:root:Cleaning...
DEBUG:root:Creating .SMET file...
INFO:root:Start:2016-09-29 00:00:00. End:2017-04-30 00:00:00
INFO:numexpr.utils:NumExpr defaulting to 8 threads.
DEBUG:root:Creating initial .SNO file...
DEBUG:root:Creating configuration .INI file...
INFO:root:Track Number: 40
DEBUG:root:Cleaning...
DEBUG:root:Creating .SMET file...
DEBUG:root:Empty list upon trimming nans
INFO:root:Passing Track Number 40
INFO:root:Track Number: 49
DEBUG:root:Cleaning...
DEBUG:root:Creating .SMET file...
INFO:root:Start:2016-08-31 00:00:00. End:2016-09-07 00:00:00
INFO:root:Track Number: 49
DEBUG:root:Cleaning...
DEBUG:root:Creating .SMET file...
INFO:root:Start:2016-08-31 00:00:00. End:2016-09-07 00:00:00
INFO:numexpr.utils:NumExpr defaulting to 8 threads.
DEBUG:root:Creating initial .SNO file...
DEBUG:root:Creating configuration .INI file...
INFO:root:Track Number: 49
DEBUG:root:Cleaning...
DEBUG:root:Creating .SMET file...
INFO:root:Start:2016-08-31 00:00:00. End:2016-09-07 00:00:00
INFO:numexpr.utils:NumExpr defaulting to 8 threads.
DEBUG:root:Creating initial .SNO file...
DEBUG:root:Creating configuration .INI file...
INFO:root:Track Number: 49
DEBUG:root:Cleaning...
DEBUG:root:Creating .SMET file...
INFO:root:Start:2016-08-31 00:00:00. End:2016-09-07 00:00:00
INFO:numexpr.utils:NumExpr defaulting to 8 threads.
DEBUG:root:Creating initial .SNO file...
DEBUG:root:Creating configuration .INI file...
INFO:root:Track Number: 49
DEBUG:root:Cleaning...
DEBUG:root:Creating .SMET file...
INFO:root:Start:2016-08-31 00:00:00. End:2016-09-07 00:00:00
INFO:root:Track Number: 49
DEBUG:root:Cleaning...
DEBUG:root:Creating .SMET file...
INFO:root:Start:2016-08-31 00:00:00. End:2016-09-07 00:00:00
INFO:numexpr.utils:NumExpr defaulting to 8 threads.
DEBUG:root:Creating initial .SNO file...
DEBUG:root:Creating configuration .INI file...
INFO:root:Track Number: 49
DEBUG:root:Cleaning...
DEBUG:root:Creating .SMET file...
INFO:root:Start:2016-08-31 00:00:00. End:2016-09-07 00:00:00
INFO:numexpr.utils:NumExpr defaulting to 8 threads.
DEBUG:root:Creating initial .SNO file...
DEBUG:root:Creating configuration .INI file...
INFO:root:Track Number: 49
DEBUG:root:Cleaning...
DEBUG:root:Creating .SMET file...
INFO:root:Start:2016-08-31 00:00:00. End:2016-09-07 00:00:00
INFO:root:Track Number: 49
DEBUG:root:Cleaning...
DEBUG:root:Creating .SMET file...
INFO:root:Start:2016-08-31 00:00:00. End:2016-09-07 00:00:00
INFO:numexpr.utils:NumExpr defaulting to 8 threads.
DEBUG:root:Creating initial .SNO file...
DEBUG:root:Creating configuration .INI file...
INFO:root:Track Number: 49
DEBUG:root:Cleaning...
DEBUG:root:Creating .SMET file...
INFO:root:Start:2016-08-31 00:00:00. End:2016-09-07 00:00:00
INFO:root:Track Number: 49
DEBUG:root:Cleaning...
DEBUG:root:Creating .SMET file...
INFO:root:Start:2016-08-31 00:00:00. End:2016-09-07 00:00:00
INFO:numexpr.utils:NumExpr defaulting to 8 threads.
DEBUG:root:Creating initial .SNO file...
DEBUG:root:Creating configuration .INI file...
INFO:root:Track Number: 49
DEBUG:root:Cleaning...
DEBUG:root:Creating .SMET file...
INFO:root:Start:2016-08-31 00:00:00. End:2016-09-07 00:00:00
INFO:numexpr.utils:NumExpr defaulting to 8 threads.
DEBUG:root:Creating initial .SNO file...
DEBUG:root:Creating configuration .INI file...
INFO:root:Track Number: 49
DEBUG:root:Cleaning...
DEBUG:root:Creating .SMET file...
INFO:root:Start:2016-08-31 00:00:00. End:2016-09-07 00:00:00
INFO:numexpr.utils:NumExpr defaulting to 8 threads.
DEBUG:root:Creating initial .SNO file...
DEBUG:root:Creating configuration .INI file...
INFO:root:Track Number: 49
DEBUG:root:Cleaning...
DEBUG:root:Creating .SMET file...
INFO:root:Start:2016-08-31 00:00:00. End:2016-09-07 00:00:00
INFO:root:Track Number: 49
DEBUG:root:Cleaning...
DEBUG:root:Creating .SMET file...
INFO:root:Start:2016-08-31 00:00:00. End:2016-09-07 00:00:00
INFO:root:Track Number: 49
DEBUG:root:Cleaning...
DEBUG:root:Creating .SMET file...
INFO:root:Start:2016-08-31 00:00:00. End:2016-09-07 00:00:00
INFO:numexpr.utils:NumExpr defaulting to 8 threads.
DEBUG:root:Creating initial .SNO file...
DEBUG:root:Creating configuration .INI file...
INFO:root:Track Number: 49
DEBUG:root:Cleaning...
DEBUG:root:Creating .SMET file...
INFO:root:Start:2016-08-31 00:00:00. End:2016-09-07 00:00:00
INFO:numexpr.utils:NumExpr defaulting to 8 threads.
DEBUG:root:Creating initial .SNO file...
DEBUG:root:Creating configuration .INI file...
INFO:root:Track Number: 49
DEBUG:root:Cleaning...
DEBUG:root:Creating .SMET file...
INFO:root:Start:2016-08-31 00:00:00. End:2016-09-07 00:00:00
INFO:numexpr.utils:NumExpr defaulting to 8 threads.
DEBUG:root:Creating initial .SNO file...
DEBUG:root:Creating configuration .INI file...
INFO:root:Track Number: 49
DEBUG:root:Cleaning...
DEBUG:root:Creating .SMET file...
INFO:root:Start:2016-08-31 00:00:00. End:2016-09-07 00:00:00
INFO:root:Track Number: 49
DEBUG:root:Cleaning...
DEBUG:root:Creating .SMET file...
INFO:root:Start:2016-08-31 00:00:00. End:2016-09-07 00:00:00
INFO:root:Track Number: 49
DEBUG:root:Cleaning...
DEBUG:root:Creating .SMET file...
INFO:root:Start:2016-08-31 00:00:00. End:2016-09-07 00:00:00
INFO:root:Track Number: 49
DEBUG:root:Cleaning...
DEBUG:root:Creating .SMET file...
INFO:root:Start:2016-08-31 00:00:00. End:2016-09-07 00:00:00
INFO:root:Track Number: 49
DEBUG:root:Cleaning...
DEBUG:root:Creating .SMET file...
INFO:root:Start:2016-08-31 00:00:00. End:2016-09-07 00:00:00
INFO:root:Track Number: 49
DEBUG:root:Cleaning...
DEBUG:root:Creating .SMET file...
INFO:root:Start:2016-08-31 00:00:00. End:2016-09-07 00:00:00
INFO:root:Track Number: 49
DEBUG:root:Cleaning...
DEBUG:root:Creating .SMET file...
INFO:root:Start:2016-08-31 00:00:00. End:2016-09-07 00:00:00
INFO:root:Track Number: 49
DEBUG:root:Cleaning...
DEBUG:root:Creating .SMET file...
INFO:root:Start:2016-08-31 00:00:00. End:2016-09-07 00:00:00
INFO:root:Track Number: 49
DEBUG:root:Cleaning...
DEBUG:root:Creating .SMET file...
INFO:root:Start:2016-08-31 00:00:00. End:2016-09-07 00:00:00
INFO:root:Track Number: 49
DEBUG:root:Cleaning...
DEBUG:root:Creating .SMET file...
INFO:root:Start:2016-08-31 00:00:00. End:2016-09-07 00:00:00
INFO:root:Track Number: 49
DEBUG:root:Cleaning...
DEBUG:root:Creating .SMET file...
INFO:root:Start:2016-08-31 00:00:00. End:2016-09-07 00:00:00
INFO:root:Track Number: 49
DEBUG:root:Cleaning...
DEBUG:root:Creating .SMET file...
INFO:root:Start:2016-08-31 00:00:00. End:2016-09-07 00:00:00
INFO:root:Track Number: 49
DEBUG:root:Cleaning...
DEBUG:root:Creating .SMET file...
INFO:root:Start:2016-08-31 00:00:00. End:2016-09-07 00:00:00
INFO:root:Track Number: 49
DEBUG:root:Cleaning...
DEBUG:root:Creating .SMET file...
INFO:root:Start:2016-08-31 00:00:00. End:2016-09-07 00:00:00
INFO:root:Track Number: 49
DEBUG:root:Cleaning...
DEBUG:root:Creating .SMET file...
INFO:root:Start:2016-08-31 00:00:00. End:2016-09-07 00:00:00
INFO:root:Track Number: 49
DEBUG:root:Cleaning...
DEBUG:root:Creating .SMET file...
INFO:root:Start:2016-08-31 00:00:00. End:2016-09-07 00:00:00
INFO:root:Track Number: 49
DEBUG:root:Cleaning...
DEBUG:root:Creating .SMET file...
INFO:root:Start:2016-08-31 00:00:00. End:2016-09-07 00:00:00
INFO:root:Track Number: 49
DEBUG:root:Cleaning...
DEBUG:root:Creating .SMET file...
INFO:root:Start:2016-08-31 00:00:00. End:2016-09-07 00:00:00
INFO:root:Track Number: 49
DEBUG:root:Cleaning...
DEBUG:root:Creating .SMET file...
INFO:root:Start:2016-08-31 00:00:00. End:2016-09-07 00:00:00
INFO:root:Track Number: 49
DEBUG:root:Cleaning...
DEBUG:root:Creating .SMET file...
INFO:root:Start:2016-08-31 00:00:00. End:2016-09-07 00:00:00
INFO:root:Track Number: 49
DEBUG:root:Cleaning...
DEBUG:root:Creating .SMET file...
INFO:root:Start:2016-08-31 00:00:00. End:2016-09-07 00:00:00
INFO:root:Track Number: 49
DEBUG:root:Cleaning...
DEBUG:root:Creating .SMET file...
INFO:root:Start:2016-08-31 00:00:00. End:2016-09-07 00:00:00
INFO:root:Track Number: 49
DEBUG:root:Cleaning...
DEBUG:root:Creating .SMET file...
INFO:root:Start:2016-08-31 00:00:00. End:2016-09-07 00:00:00
INFO:root:Track Number: 49
DEBUG:root:Cleaning...
DEBUG:root:Creating .SMET file...
INFO:root:Start:2016-08-31 00:00:00. End:2016-09-07 00:00:00
INFO:root:Track Number: 49
DEBUG:root:Cleaning...
DEBUG:root:Creating .SMET file...
INFO:root:Start:2016-08-31 00:00:00. End:2016-09-07 00:00:00
INFO:root:Track Number: 49
DEBUG:root:Cleaning...
DEBUG:root:Creating .SMET file...
INFO:root:Start:2016-08-31 00:00:00. End:2016-09-07 00:00:00
INFO:root:Track Number: 49
DEBUG:root:Cleaning...
DEBUG:root:Creating .SMET file...
INFO:root:Start:2016-08-31 00:00:00. End:2016-09-07 00:00:00
INFO:root:Track Number: 49
DEBUG:root:Cleaning...
DEBUG:root:Creating .SMET file...
INFO:root:Start:2016-08-31 00:00:00. End:2016-09-07 00:00:00
INFO:root:Track Number: 49
DEBUG:root:Cleaning...
DEBUG:root:Creating .SMET file...
INFO:root:Start:2016-08-31 00:00:00. End:2016-09-07 00:00:00
INFO:root:Track Number: 49
DEBUG:root:Cleaning...
DEBUG:root:Creating .SMET file...
INFO:root:Start:2016-08-31 00:00:00. End:2016-09-07 00:00:00
INFO:root:Track Number: 49
DEBUG:root:Cleaning...
DEBUG:root:Creating .SMET file...
INFO:root:Start:2016-08-31 00:00:00. End:2016-09-07 00:00:00
INFO:root:Track Number: 49
DEBUG:root:Cleaning...
DEBUG:root:Creating .SMET file...
INFO:root:Start:2016-08-31 00:00:00. End:2016-09-07 00:00:00
INFO:root:Track Number: 49
DEBUG:root:Cleaning...
DEBUG:root:Creating .SMET file...
INFO:root:Start:2016-08-31 00:00:00. End:2016-09-07 00:00:00
INFO:root:Track Number: 49
DEBUG:root:Cleaning...
DEBUG:root:Creating .SMET file...
INFO:root:Start:2016-08-31 00:00:00. End:2016-09-07 00:00:00
INFO:root:Track Number: 49
DEBUG:root:Cleaning...
DEBUG:root:Creating .SMET file...
INFO:root:Start:2016-08-31 00:00:00. End:2016-09-07 00:00:00
INFO:root:Track Number: 49
DEBUG:root:Cleaning...
DEBUG:root:Creating .SMET file...
INFO:root:Start:2016-08-31 00:00:00. End:2016-09-07 00:00:00
INFO:root:Track Number: 49
DEBUG:root:Cleaning...
DEBUG:root:Creating .SMET file...
INFO:root:Start:2016-08-31 00:00:00. End:2016-09-07 00:00:00
INFO:root:Track Number: 49
DEBUG:root:Cleaning...
DEBUG:root:Creating .SMET file...
INFO:root:Start:2016-08-31 00:00:00. End:2016-09-07 00:00:00
INFO:root:Track Number: 49
DEBUG:root:Cleaning...
DEBUG:root:Creating .SMET file...
INFO:root:Start:2016-08-31 00:00:00. End:2016-09-07 00:00:00
INFO:root:Track Number: 49
DEBUG:root:Cleaning...
DEBUG:root:Creating .SMET file...
INFO:root:Start:2016-08-31 00:00:00. End:2016-09-07 00:00:00
INFO:root:Track Number: 49
DEBUG:root:Cleaning...
DEBUG:root:Creating .SMET file...
INFO:root:Start:2016-08-31 00:00:00. End:2016-09-07 00:00:00
INFO:numexpr.utils:NumExpr defaulting to 8 threads.
DEBUG:root:Creating initial .SNO file...
DEBUG:root:Creating configuration .INI file...
INFO:root:Track Number: 49
DEBUG:root:Cleaning...
DEBUG:root:Creating .SMET file...
INFO:root:Start:2016-08-31 00:00:00. End:2016-09-07 00:00:00
INFO:numexpr.utils:NumExpr defaulting to 8 threads.
INFO:root:Track Number: 49
DEBUG:root:Cleaning...
DEBUG:root:Creating .SMET file...
INFO:root:Start:2016-08-31 00:00:00. End:2016-09-07 00:00:00
INFO:numexpr.utils:NumExpr defaulting to 8 threads.
INFO:root:Track Number: 49
DEBUG:root:Cleaning...
DEBUG:root:Creating .SMET file...
INFO:root:Start:2016-08-31 00:00:00. End:2016-09-07 00:00:00
INFO:numexpr.utils:NumExpr defaulting to 8 threads.
DEBUG:root:Creating initial .SNO file...
DEBUG:root:Creating configuration .INI file...
INFO:root:Track Number: 10040
DEBUG:root:Cleaning...
DEBUG:root:Creating .SMET file...
INFO:root:Start:2016-09-29 00:00:00. End:2017-04-30 00:00:00
INFO:numexpr.utils:NumExpr defaulting to 8 threads.
DEBUG:root:Creating initial .SNO file...
DEBUG:root:Creating configuration .INI file...
INFO:root:Track Number: 10040
DEBUG:root:Cleaning...
DEBUG:root:Creating .SMET file...
INFO:root:Start:2016-09-29 00:00:00. End:2017-04-30 00:00:00
INFO:root:Track Number: 10040
DEBUG:root:Cleaning...
DEBUG:root:Creating .SMET file...
INFO:root:Start:2016-09-29 00:00:00. End:2017-04-30 00:00:00
INFO:numexpr.utils:NumExpr defaulting to 8 threads.
DEBUG:root:Creating initial .SNO file...
DEBUG:root:Creating configuration .INI file...
INFO:root:Track Number: 10040
DEBUG:root:Cleaning...
DEBUG:root:Creating .SMET file...
INFO:root:Start:2016-09-29 00:00:00. End:2017-04-30 00:00:00
INFO:numexpr.utils:NumExpr defaulting to 8 threads.
DEBUG:root:Creating initial .SNO file...
DEBUG:root:Creating configuration .INI file...
INFO:root:Track Number: 10040
DEBUG:root:Cleaning...
DEBUG:root:Creating .SMET file...
INFO:root:Start:2016-09-29 00:00:00. End:2017-04-30 00:00:00
INFO:numexpr.utils:NumExpr defaulting to 8 threads.
DEBUG:root:Creating initial .SNO file...
DEBUG:root:Creating configuration .INI file...
INFO:root:Track Number: 10040
DEBUG:root:Cleaning...
DEBUG:root:Creating .SMET file...
INFO:root:Start:2016-09-29 00:00:00. End:2017-04-30 00:00:00
INFO:numexpr.utils:NumExpr defaulting to 8 threads.
DEBUG:root:Creating initial .SNO file...
DEBUG:root:Creating configuration .INI file...
INFO:root:Track Number: 10040
DEBUG:root:Cleaning...
DEBUG:root:Creating .SMET file...
INFO:root:Start:2016-09-29 00:00:00. End:2017-04-30 00:00:00
INFO:numexpr.utils:NumExpr defaulting to 8 threads.
DEBUG:root:Creating initial .SNO file...
DEBUG:root:Creating configuration .INI file...
INFO:root:Track Number: 10040
DEBUG:root:Cleaning...
DEBUG:root:Creating .SMET file...
INFO:root:Start:2016-09-29 00:00:00. End:2017-04-30 00:00:00
INFO:numexpr.utils:NumExpr defaulting to 8 threads.
DEBUG:root:Creating initial .SNO file...
DEBUG:root:Creating configuration .INI file...
INFO:root:Track Number: 10040
DEBUG:root:Cleaning...
DEBUG:root:Creating .SMET file...
INFO:root:Start:2016-09-29 00:00:00. End:2017-04-30 00:00:00
INFO:numexpr.utils:NumExpr defaulting to 8 threads.
DEBUG:root:Creating initial .SNO file...
DEBUG:root:Creating configuration .INI file...
INFO:root:Track Number: 10040
DEBUG:root:Cleaning...
DEBUG:root:Creating .SMET file...
INFO:root:Start:2016-09-29 00:00:00. End:2017-04-30 00:00:00
INFO:numexpr.utils:NumExpr defaulting to 8 threads.
DEBUG:root:Creating initial .SNO file...
DEBUG:root:Creating configuration .INI file...
INFO:root:Track Number: 10040
DEBUG:root:Cleaning...
DEBUG:root:Creating .SMET file...
INFO:root:Start:2016-09-29 00:00:00. End:2017-04-30 00:00:00
INFO:numexpr.utils:NumExpr defaulting to 8 threads.
DEBUG:root:Creating initial .SNO file...
DEBUG:root:Creating configuration .INI file...
DEBUG:root:Running SNOWPACK...
INFO:root:Track Number: 10040
DEBUG:root:Cleaning...
DEBUG:root:Creating .SMET file...
INFO:root:Start:2016-09-29 00:00:00. End:2017-04-30 00:00:00
INFO:numexpr.utils:NumExpr defaulting to 8 threads.
DEBUG:root:Creating initial .SNO file...
DEBUG:root:Creating configuration .INI file...
DEBUG:root:Running SNOWPACK...
DEBUG:root:Reading .pro file
INFO:root:Track Number: 10050
DEBUG:root:Cleaning...
DEBUG:root:Creating .SMET file...
INFO:root:Start:2016-09-29 00:00:00. End:2017-04-30 00:00:00
DEBUG:root:Creating initial .SNO file...
DEBUG:root:Creating configuration .INI file...
DEBUG:root:Running SNOWPACK...
INFO:root:Track Number: 10040
DEBUG:root:Cleaning...
DEBUG:root:Creating .SMET file...
INFO:root:Start:2016-09-29 00:00:00. End:2017-04-30 00:00:00
INFO:numexpr.utils:NumExpr defaulting to 8 threads.
DEBUG:root:Creating initial .SNO file...
DEBUG:root:Creating configuration .INI file...
DEBUG:root:Running SNOWPACK...
DEBUG:root:Reading .pro file
INFO:root:Track Number: 10040
DEBUG:root:Cleaning...
DEBUG:root:Creating .SMET file...
INFO:root:Start:2016-09-29 00:00:00. End:2017-04-30 00:00:00
INFO:numexpr.utils:NumExpr defaulting to 8 threads.
DEBUG:root:Creating initial .SNO file...
DEBUG:root:Creating configuration .INI file...
DEBUG:root:Running SNOWPACK...
DEBUG:root:Reading .pro file
INFO:root:Track Number: 10040
DEBUG:root:Cleaning...
DEBUG:root:Creating .SMET file...
INFO:root:Start:2016-09-29 00:00:00. End:2017-04-30 00:00:00
INFO:numexpr.utils:NumExpr defaulting to 8 threads.
DEBUG:root:Creating initial .SNO file...
DEBUG:root:Creating configuration .INI file...
DEBUG:root:Running SNOWPACK...
DEBUG:root:Reading .pro file
INFO:root:Track Number: 10040
DEBUG:root:Cleaning...
DEBUG:root:Creating .SMET file...
INFO:root:Start:2016-09-29 00:00:00. End:2017-04-30 00:00:00
INFO:numexpr.utils:NumExpr defaulting to 8 threads.
DEBUG:root:Creating initial .SNO file...
DEBUG:root:Creating configuration .INI file...
DEBUG:root:Running SNOWPACK...
DEBUG:root:Reading .pro file
INFO:root:Track Number: 10040
DEBUG:root:Cleaning...
DEBUG:root:Creating .SMET file...
INFO:root:Start:2016-09-29 00:00:00. End:2017-04-30 00:00:00
INFO:numexpr.utils:NumExpr defaulting to 8 threads.
DEBUG:root:Creating initial .SNO file...
DEBUG:root:Creating configuration .INI file...
DEBUG:root:Running SNOWPACK...
DEBUG:root:Reading .pro file
INFO:root:Track Number: 10040
DEBUG:root:Cleaning...
DEBUG:root:Creating .SMET file...
INFO:root:Start:2016-09-29 00:00:00. End:2017-04-30 00:00:00
INFO:numexpr.utils:NumExpr defaulting to 8 threads.
DEBUG:root:Creating initial .SNO file...
DEBUG:root:Creating configuration .INI file...
DEBUG:root:Running SNOWPACK...
DEBUG:root:Reading .pro file
INFO:root:Track Number: 49
DEBUG:root:Cleaning...
DEBUG:root:Creating .SMET file...
INFO:root:Start:2016-08-31 00:00:00. End:2016-09-07 00:00:00
INFO:numexpr.utils:NumExpr defaulting to 8 threads.
DEBUG:root:Creating initial .SNO file...
DEBUG:root:Creating configuration .INI file...
DEBUG:root:Running SNOWPACK...
DEBUG:root:Reading .pro file
INFO:root:Track Number: 49
DEBUG:root:Cleaning...
DEBUG:root:Creating .SMET file...
INFO:root:Start:2016-08-31 00:00:00. End:2016-09-07 00:00:00
INFO:numexpr.utils:NumExpr defaulting to 8 threads.
DEBUG:root:Creating initial .SNO file...
DEBUG:root:Creating configuration .INI file...
DEBUG:root:Running SNOWPACK...
DEBUG:root:Reading .pro file
INFO:root:Track Number: 49
DEBUG:root:Cleaning...
DEBUG:root:Creating .SMET file...
INFO:root:Start:2016-08-31 00:00:00. End:2016-09-07 00:00:00
INFO:numexpr.utils:NumExpr defaulting to 8 threads.
DEBUG:root:Creating initial .SNO file...
DEBUG:root:Creating configuration .INI file...
DEBUG:root:Running SNOWPACK...
DEBUG:root:Reading .pro file
INFO:root:Track Number: 49
DEBUG:root:Cleaning...
DEBUG:root:Creating .SMET file...
INFO:root:Start:2016-08-31 00:00:00. End:2016-09-07 00:00:00
INFO:numexpr.utils:NumExpr defaulting to 8 threads.
DEBUG:root:Creating initial .SNO file...
DEBUG:root:Creating configuration .INI file...
DEBUG:root:Running SNOWPACK...
DEBUG:root:Reading .pro file
INFO:root:Track Number: 49
DEBUG:root:Cleaning...
DEBUG:root:Creating .SMET file...
INFO:root:Start:2016-08-31 00:00:00. End:2016-09-07 00:00:00
INFO:numexpr.utils:NumExpr defaulting to 8 threads.
DEBUG:root:Creating initial .SNO file...
DEBUG:root:Creating configuration .INI file...
DEBUG:root:Running SNOWPACK...
DEBUG:root:Reading .pro file
INFO:root:Track Number: 49
DEBUG:root:Cleaning...
DEBUG:root:Creating .SMET file...
INFO:root:Start:2016-08-31 00:00:00. End:2016-09-07 00:00:00
INFO:numexpr.utils:NumExpr defaulting to 8 threads.
DEBUG:root:Creating initial .SNO file...
DEBUG:root:Creating configuration .INI file...
DEBUG:root:Running SNOWPACK...
DEBUG:root:Reading .pro file
INFO:root:Track Number: 49
DEBUG:root:Cleaning...
DEBUG:root:Creating .SMET file...
INFO:root:Start:2016-08-31 00:00:00. End:2016-09-07 00:00:00
INFO:numexpr.utils:NumExpr defaulting to 8 threads.
DEBUG:root:Creating initial .SNO file...
DEBUG:root:Creating configuration .INI file...
DEBUG:root:Running SNOWPACK...
DEBUG:root:Reading .pro file
INFO:root:Track Number: 49
DEBUG:root:Cleaning...
DEBUG:root:Creating .SMET file...
INFO:root:Start:2016-08-31 00:00:00. End:2016-09-07 00:00:00
INFO:numexpr.utils:NumExpr defaulting to 8 threads.
DEBUG:root:Creating initial .SNO file...
DEBUG:root:Creating configuration .INI file...
DEBUG:root:Running SNOWPACK...
DEBUG:root:Reading .pro file
INFO:root:Track Number: 49
DEBUG:root:Cleaning...
DEBUG:root:Creating .SMET file...
INFO:root:Start:2016-08-31 00:00:00. End:2016-09-07 00:00:00
INFO:numexpr.utils:NumExpr defaulting to 8 threads.
DEBUG:root:Creating initial .SNO file...
DEBUG:root:Creating configuration .INI file...
DEBUG:root:Running SNOWPACK...
DEBUG:root:Reading .pro file
INFO:root:Track Number: 49
DEBUG:root:Cleaning...
DEBUG:root:Creating .SMET file...
INFO:root:Start:2016-08-31 00:00:00. End:2016-09-07 00:00:00
INFO:numexpr.utils:NumExpr defaulting to 8 threads.
DEBUG:root:Creating initial .SNO file...
DEBUG:root:Creating configuration .INI file...
DEBUG:root:Running SNOWPACK...
DEBUG:root:Reading .pro file
INFO:root:Track Number: 49
DEBUG:root:Cleaning...
DEBUG:root:Creating .SMET file...
INFO:root:Start:2016-08-31 00:00:00. End:2016-09-07 00:00:00
INFO:numexpr.utils:NumExpr defaulting to 8 threads.
DEBUG:root:Creating initial .SNO file...
DEBUG:root:Creating configuration .INI file...
DEBUG:root:Running SNOWPACK...
DEBUG:root:Reading .pro file
INFO:root:Track Number: 49
DEBUG:root:Cleaning...
DEBUG:root:Creating .SMET file...
INFO:root:Start:2016-08-31 00:00:00. End:2016-09-07 00:00:00
INFO:numexpr.utils:NumExpr defaulting to 8 threads.
DEBUG:root:Creating initial .SNO file...
DEBUG:root:Creating configuration .INI file...
DEBUG:root:Running SNOWPACK...
DEBUG:root:Reading .pro file
INFO:root:Track Number: 49
DEBUG:root:Cleaning...
DEBUG:root:Creating .SMET file...
INFO:root:Start:2016-08-31 00:00:00. End:2016-09-07 00:00:00
INFO:numexpr.utils:NumExpr defaulting to 8 threads.
DEBUG:root:Creating initial .SNO file...
DEBUG:root:Creating configuration .INI file...
DEBUG:root:Running SNOWPACK...
DEBUG:root:Reading .pro file
INFO:root:Track Number: 49
DEBUG:root:Cleaning...
DEBUG:root:Creating .SMET file...
INFO:root:Start:2016-08-31 00:00:00. End:2016-09-07 00:00:00
INFO:numexpr.utils:NumExpr defaulting to 8 threads.
DEBUG:root:Creating initial .SNO file...
DEBUG:root:Creating configuration .INI file...
DEBUG:root:Running SNOWPACK...
DEBUG:root:Reading .pro file
INFO:root:Track Number: 49
DEBUG:root:Cleaning...
DEBUG:root:Creating .SMET file...
INFO:root:Start:2016-08-31 00:00:00. End:2016-09-07 00:00:00
INFO:numexpr.utils:NumExpr defaulting to 8 threads.
DEBUG:root:Creating initial .SNO file...
DEBUG:root:Creating configuration .INI file...
DEBUG:root:Running SNOWPACK...
DEBUG:root:Reading .pro file
INFO:root:Track Number: 49
DEBUG:root:Cleaning...
DEBUG:root:Creating .SMET file...
INFO:root:Start:2016-08-31 00:00:00. End:2016-09-07 00:00:00
INFO:numexpr.utils:NumExpr defaulting to 8 threads.
DEBUG:root:Creating initial .SNO file...
DEBUG:root:Creating configuration .INI file...
DEBUG:root:Running SNOWPACK...
DEBUG:root:Reading .pro file
INFO:root:Track Number: 49
DEBUG:root:Cleaning...
DEBUG:root:Creating .SMET file...
INFO:root:Start:2016-08-31 00:00:00. End:2016-09-07 00:00:00
INFO:numexpr.utils:NumExpr defaulting to 8 threads.
DEBUG:root:Creating initial .SNO file...
DEBUG:root:Creating configuration .INI file...
DEBUG:root:Running SNOWPACK...
DEBUG:root:Reading .pro file
INFO:root:Track Number: 49
DEBUG:root:Cleaning...
DEBUG:root:Creating .SMET file...
INFO:root:Start:2016-08-31 00:00:00. End:2016-09-07 00:00:00
INFO:numexpr.utils:NumExpr defaulting to 8 threads.
DEBUG:root:Creating initial .SNO file...
DEBUG:root:Creating configuration .INI file...
DEBUG:root:Running SNOWPACK...
DEBUG:root:Reading .pro file
INFO:root:Track Number: 49
DEBUG:root:Cleaning...
DEBUG:root:Creating .SMET file...
INFO:root:Start:2016-08-31 00:00:00. End:2016-09-07 00:00:00
INFO:numexpr.utils:NumExpr defaulting to 8 threads.
DEBUG:root:Creating initial .SNO file...
DEBUG:root:Creating configuration .INI file...
DEBUG:root:Running SNOWPACK...
DEBUG:root:Reading .pro file
INFO:root:Track Number: 10040
DEBUG:root:Cleaning...
DEBUG:root:Creating .SMET file...
INFO:root:Start:2016-09-29 00:00:00. End:2017-04-30 00:00:00
INFO:numexpr.utils:NumExpr defaulting to 8 threads.
DEBUG:root:Creating initial .SNO file...
DEBUG:root:Creating configuration .INI file...
DEBUG:root:Running SNOWPACK...
DEBUG:root:Reading .pro file
INFO:root:Track Number: 49
DEBUG:root:Cleaning...
DEBUG:root:Creating .SMET file...
INFO:root:Start:2016-08-31 00:00:00. End:2016-09-07 00:00:00
INFO:numexpr.utils:NumExpr defaulting to 8 threads.
DEBUG:root:Creating initial .SNO file...
DEBUG:root:Creating configuration .INI file...
DEBUG:root:Running SNOWPACK...
DEBUG:root:Reading .pro file
INFO:root:Track Number: 49
DEBUG:root:Cleaning...
DEBUG:root:Creating .SMET file...
INFO:root:Start:2016-08-31 00:00:00. End:2016-09-07 00:00:00
INFO:numexpr.utils:NumExpr defaulting to 8 threads.
DEBUG:root:Creating initial .SNO file...
DEBUG:root:Creating configuration .INI file...
DEBUG:root:Running SNOWPACK...
DEBUG:root:Reading .pro file
INFO:root:Track Number: 49
DEBUG:root:Cleaning...
DEBUG:root:Creating .SMET file...
INFO:root:Start:2016-08-31 00:00:00. End:2016-09-07 00:00:00
INFO:numexpr.utils:NumExpr defaulting to 8 threads.
DEBUG:root:Creating initial .SNO file...
DEBUG:root:Creating configuration .INI file...
DEBUG:root:Running SNOWPACK...
DEBUG:root:Reading .pro file
INFO:root:Track Number: 49
DEBUG:root:Cleaning...
DEBUG:root:Creating .SMET file...
INFO:root:Start:2016-08-31 00:00:00. End:2016-09-07 00:00:00
INFO:numexpr.utils:NumExpr defaulting to 8 threads.
DEBUG:root:Creating initial .SNO file...
DEBUG:root:Creating configuration .INI file...
DEBUG:root:Running SNOWPACK...
DEBUG:root:Reading .pro file
INFO:root:Track Number: 49
DEBUG:root:Cleaning...
DEBUG:root:Creating .SMET file...
INFO:root:Start:2016-08-31 00:00:00. End:2016-09-07 00:00:00
INFO:numexpr.utils:NumExpr defaulting to 8 threads.
DEBUG:root:Creating initial .SNO file...
DEBUG:root:Creating configuration .INI file...
DEBUG:root:Running SNOWPACK...
DEBUG:root:Reading .pro file
INFO:root:Track Number: 49
DEBUG:root:Cleaning...
DEBUG:root:Creating .SMET file...
INFO:root:Start:2016-08-31 00:00:00. End:2016-09-07 00:00:00
INFO:numexpr.utils:NumExpr defaulting to 8 threads.
DEBUG:root:Creating initial .SNO file...
DEBUG:root:Creating configuration .INI file...
DEBUG:root:Running SNOWPACK...
DEBUG:root:Reading .pro file
INFO:root:Track Number: 49
DEBUG:root:Cleaning...
DEBUG:root:Creating .SMET file...
INFO:root:Start:2016-08-31 00:00:00. End:2016-09-07 00:00:00
INFO:numexpr.utils:NumExpr defaulting to 8 threads.
DEBUG:root:Creating initial .SNO file...
DEBUG:root:Creating configuration .INI file...
DEBUG:root:Running SNOWPACK...
DEBUG:root:Reading .pro file
INFO:root:Track Number: 49
DEBUG:root:Cleaning...
DEBUG:root:Creating .SMET file...
INFO:root:Start:2016-08-31 00:00:00. End:2016-09-07 00:00:00
INFO:numexpr.utils:NumExpr defaulting to 8 threads.
DEBUG:root:Creating initial .SNO file...
DEBUG:root:Creating configuration .INI file...
DEBUG:root:Running SNOWPACK...
DEBUG:root:Reading .pro file
INFO:root:Track Number: 49
DEBUG:root:Cleaning...
DEBUG:root:Creating .SMET file...
INFO:root:Start:2016-08-31 00:00:00. End:2016-09-07 00:00:00
INFO:numexpr.utils:NumExpr defaulting to 8 threads.
DEBUG:root:Creating initial .SNO file...
DEBUG:root:Creating configuration .INI file...
DEBUG:root:Running SNOWPACK...
DEBUG:root:Reading .pro file
INFO:root:Track Number: 49
DEBUG:root:Cleaning...
DEBUG:root:Creating .SMET file...
INFO:root:Start:2016-08-31 00:00:00. End:2016-09-07 00:00:00
INFO:numexpr.utils:NumExpr defaulting to 8 threads.
DEBUG:root:Creating initial .SNO file...
DEBUG:root:Creating configuration .INI file...
DEBUG:root:Running SNOWPACK...
DEBUG:root:Reading .pro file
INFO:root:Track Number: 49
DEBUG:root:Cleaning...
DEBUG:root:Creating .SMET file...
INFO:root:Start:2016-08-31 00:00:00. End:2016-09-07 00:00:00
INFO:numexpr.utils:NumExpr defaulting to 8 threads.
DEBUG:root:Creating initial .SNO file...
DEBUG:root:Creating configuration .INI file...
DEBUG:root:Running SNOWPACK...
DEBUG:root:Reading .pro file
INFO:root:Track Number: 49
DEBUG:root:Cleaning...
DEBUG:root:Creating .SMET file...
INFO:root:Start:2016-08-31 00:00:00. End:2016-09-07 00:00:00
INFO:numexpr.utils:NumExpr defaulting to 8 threads.
DEBUG:root:Creating initial .SNO file...
DEBUG:root:Creating configuration .INI file...
DEBUG:root:Running SNOWPACK...
DEBUG:root:Reading .pro file
INFO:root:Track Number: 49
DEBUG:root:Cleaning...
DEBUG:root:Creating .SMET file...
INFO:root:Start:2016-08-31 00:00:00. End:2016-09-07 00:00:00
INFO:numexpr.utils:NumExpr defaulting to 8 threads.
DEBUG:root:Creating initial .SNO file...
DEBUG:root:Creating configuration .INI file...
DEBUG:root:Running SNOWPACK...
DEBUG:root:Reading .pro file
INFO:root:Track Number: 49
DEBUG:root:Cleaning...
DEBUG:root:Creating .SMET file...
INFO:root:Start:2016-08-31 00:00:00. End:2016-09-07 00:00:00
INFO:numexpr.utils:NumExpr defaulting to 8 threads.
DEBUG:root:Creating initial .SNO file...
DEBUG:root:Creating configuration .INI file...
DEBUG:root:Running SNOWPACK...
DEBUG:root:Reading .pro file
INFO:root:Track Number: 49
DEBUG:root:Cleaning...
DEBUG:root:Creating .SMET file...
INFO:root:Track Number: 49
DEBUG:root:Cleaning...
DEBUG:root:Creating .SMET file...
INFO:root:Track Number: 49
DEBUG:root:Cleaning...
DEBUG:root:Creating .SMET file...
INFO:root:Track Number: 49
DEBUG:root:Cleaning...
DEBUG:root:Creating .SMET file...
INFO:root:Start:2016-08-31. End:2016-09-07
INFO:root:Track Number: 49
DEBUG:root:Cleaning...
DEBUG:root:Creating .SMET file...
INFO:root:Track Number: 49
DEBUG:root:Cleaning...
DEBUG:root:Creating .SMET file...
INFO:root:Start:2016-08-31. End:2016-09-07
INFO:root:Track Number: 49
DEBUG:root:Cleaning...
DEBUG:root:Creating .SMET file...
INFO:root:Start:2016-08-31. End:2016-09-07
INFO:root:Track Number: 49
DEBUG:root:Cleaning...
DEBUG:root:Creating .SMET file...
INFO:root:Start:2016-08-31. End:2016-09-07
INFO:root:Track Number: 49
DEBUG:root:Cleaning...
DEBUG:root:Creating .SMET file...
INFO:root:Start:2016-08-31. End:2016-09-07
INFO:root:Track Number: 49
DEBUG:root:Cleaning...
DEBUG:root:Creating .SMET file...
INFO:root:Start:2016-08-31. End:2016-09-07
INFO:root:Track Number: 49
DEBUG:root:Cleaning...
DEBUG:root:Creating .SMET file...
INFO:root:Start:2016-08-31. End:2016-09-07
INFO:root:Track Number: 49
DEBUG:root:Cleaning...
DEBUG:root:Creating .SMET file...
INFO:root:Start:2016-08-31. End:2016-09-07
INFO:root:Track Number: 49
DEBUG:root:Cleaning...
DEBUG:root:Creating .SMET file...
INFO:root:Start:2016-08-31. End:2016-09-07
INFO:root:Track Number: 49
DEBUG:root:Cleaning...
DEBUG:root:Creating .SMET file...
INFO:root:Start:2016-08-31. End:2016-09-07
INFO:root:Track Number: 49
DEBUG:root:Cleaning...
DEBUG:root:Creating .SMET file...
INFO:root:Start:2016-08-31. End:2016-09-07
INFO:root:Track Number: 49
DEBUG:root:Cleaning...
DEBUG:root:Creating .SMET file...
INFO:root:Start:2016-08-31. End:2016-09-07
INFO:numexpr.utils:NumExpr defaulting to 8 threads.
INFO:root:Track Number: 49
DEBUG:root:Cleaning...
DEBUG:root:Creating .SMET file...
INFO:root:Start:2016-08-31. End:2016-09-07
INFO:numexpr.utils:NumExpr defaulting to 8 threads.
INFO:root:Track Number: 49
DEBUG:root:Cleaning...
DEBUG:root:Creating .SMET file...
INFO:root:Start:2016-08-31. End:2016-09-07
INFO:numexpr.utils:NumExpr defaulting to 8 threads.
INFO:root:Track Number: 49
DEBUG:root:Cleaning...
DEBUG:root:Creating .SMET file...
INFO:root:Start:2016-08-31. End:2016-09-07
INFO:numexpr.utils:NumExpr defaulting to 8 threads.
INFO:root:Track Number: 49
DEBUG:root:Cleaning...
DEBUG:root:Creating .SMET file...
INFO:root:Start:2016-08-31. End:2016-09-07
INFO:numexpr.utils:NumExpr defaulting to 8 threads.
INFO:root:Track Number: 49
DEBUG:root:Cleaning...
DEBUG:root:Creating .SMET file...
INFO:root:Start:2016-08-31. End:2016-09-07
INFO:numexpr.utils:NumExpr defaulting to 8 threads.
INFO:root:Track Number: 49
DEBUG:root:Cleaning...
DEBUG:root:Creating .SMET file...
INFO:root:Start:2016-08-31. End:2016-09-07
INFO:numexpr.utils:NumExpr defaulting to 8 threads.
DEBUG:root:Creating initial .SNO file...
INFO:root:Track Number: 49
DEBUG:root:Cleaning...
DEBUG:root:Creating .SMET file...
INFO:root:Start:2016-08-31. End:2016-09-07
INFO:numexpr.utils:NumExpr defaulting to 8 threads.
DEBUG:root:Creating initial .SNO file...
DEBUG:root:Creating configuration .INI file...
DEBUG:root:Running SNOWPACK...
INFO:root:Track Number: 49
DEBUG:root:Cleaning...
DEBUG:root:Creating .SMET file...
INFO:root:Start:2016-08-31. End:2016-09-07
INFO:numexpr.utils:NumExpr defaulting to 8 threads.
DEBUG:root:Creating initial .SNO file...
DEBUG:root:Creating configuration .INI file...
DEBUG:root:Running SNOWPACK...
DEBUG:root:Reading .pro file
INFO:root:Track Number: 49
DEBUG:root:Cleaning...
DEBUG:root:Creating .SMET file...
INFO:root:Start:2016-08-31. End:2016-09-07
INFO:numexpr.utils:NumExpr defaulting to 8 threads.
DEBUG:root:Creating initial .SNO file...
DEBUG:root:Creating configuration .INI file...
DEBUG:root:Running SNOWPACK...
DEBUG:root:Reading .pro file
INFO:root:Track Number: 49
DEBUG:root:Cleaning...
DEBUG:root:Creating .SMET file...
INFO:root:Start:2016-08-31. End:2016-09-07
INFO:numexpr.utils:NumExpr defaulting to 8 threads.
DEBUG:root:Creating initial .SNO file...
DEBUG:root:Creating configuration .INI file...
DEBUG:root:Running SNOWPACK...
DEBUG:root:Reading .pro file
INFO:root:Track Number: 49
DEBUG:root:Cleaning...
DEBUG:root:Creating .SMET file...
INFO:root:Start:2016-08-31. End:2016-09-07
INFO:numexpr.utils:NumExpr defaulting to 8 threads.
DEBUG:root:Creating initial .SNO file...
DEBUG:root:Creating configuration .INI file...
DEBUG:root:Running SNOWPACK...
DEBUG:root:Reading .pro file
INFO:root:Track Number: 49
DEBUG:root:Cleaning...
DEBUG:root:Creating .SMET file...
INFO:root:Start:2016-08-31. End:2016-09-07
INFO:numexpr.utils:NumExpr defaulting to 8 threads.
DEBUG:root:Creating initial .SNO file...
DEBUG:root:Creating configuration .INI file...
DEBUG:root:Running SNOWPACK...
DEBUG:root:Reading .pro file
INFO:root:Track Number: 49
DEBUG:root:Cleaning...
DEBUG:root:Creating .SMET file...
INFO:root:Start:2016-08-31. End:2016-09-07
INFO:numexpr.utils:NumExpr defaulting to 8 threads.
DEBUG:root:Creating initial .SNO file...
DEBUG:root:Creating configuration .INI file...
DEBUG:root:Running SNOWPACK...
DEBUG:root:Reading .pro file
INFO:root:Track Number: 49
DEBUG:root:Cleaning...
DEBUG:root:Creating .SMET file...
INFO:root:Start:2016-08-31. End:2016-09-07
INFO:numexpr.utils:NumExpr defaulting to 8 threads.
DEBUG:root:Creating initial .SNO file...
DEBUG:root:Creating configuration .INI file...
DEBUG:root:Running SNOWPACK...
DEBUG:root:Reading .pro file
INFO:root:Track Number: 49
DEBUG:root:Cleaning...
DEBUG:root:Creating .SMET file...
INFO:root:Start:2016-08-31. End:2016-09-07
INFO:numexpr.utils:NumExpr defaulting to 8 threads.
DEBUG:root:Creating initial .SNO file...
DEBUG:root:Creating configuration .INI file...
DEBUG:root:Running SNOWPACK...
DEBUG:root:Reading .pro file
INFO:root:Track Number: 49
DEBUG:root:Cleaning...
DEBUG:root:Creating .SMET file...
INFO:root:Start:2016-08-31. End:2016-09-07
INFO:numexpr.utils:NumExpr defaulting to 8 threads.
DEBUG:root:Creating initial .SNO file...
DEBUG:root:Creating configuration .INI file...
DEBUG:root:Running SNOWPACK...
DEBUG:root:Reading .pro file
INFO:root:Track Number: 49
DEBUG:root:Cleaning...
DEBUG:root:Creating .SMET file...
INFO:root:Start:2016-08-31. End:2016-09-07
INFO:numexpr.utils:NumExpr defaulting to 8 threads.
DEBUG:root:Creating initial .SNO file...
DEBUG:root:Creating configuration .INI file...
DEBUG:root:Running SNOWPACK...
DEBUG:root:Reading .pro file
INFO:root:Track Number: 49
DEBUG:root:Cleaning...
DEBUG:root:Creating .SMET file...
INFO:root:Start:2016-08-31. End:2016-09-07
INFO:numexpr.utils:NumExpr defaulting to 8 threads.
DEBUG:root:Creating initial .SNO file...
DEBUG:root:Creating configuration .INI file...
DEBUG:root:Running SNOWPACK...
DEBUG:root:Reading .pro file
INFO:root:Track Number: 49
DEBUG:root:Cleaning...
DEBUG:root:Creating .SMET file...
INFO:root:Start:2016-08-31. End:2016-09-07
INFO:numexpr.utils:NumExpr defaulting to 8 threads.
DEBUG:root:Creating initial .SNO file...
DEBUG:root:Creating configuration .INI file...
DEBUG:root:Running SNOWPACK...
DEBUG:root:Reading .pro file
INFO:root:Track Number: 49
DEBUG:root:Cleaning...
DEBUG:root:Creating .SMET file...
INFO:root:Start:2016-08-31. End:2016-09-07
INFO:numexpr.utils:NumExpr defaulting to 8 threads.
DEBUG:root:Creating initial .SNO file...
DEBUG:root:Creating configuration .INI file...
DEBUG:root:Running SNOWPACK...
DEBUG:root:Reading .pro file
INFO:root:Track Number: 10040
DEBUG:root:Cleaning...
DEBUG:root:Creating .SMET file...
INFO:root:Start:2016-09-29. End:2017-04-30
INFO:root:Track Number: 10040
DEBUG:root:Cleaning...
DEBUG:root:Creating .SMET file...
INFO:root:Start:2016-09-29. End:2017-04-30
INFO:numexpr.utils:NumExpr defaulting to 8 threads.
DEBUG:root:Creating initial .SNO file...
DEBUG:root:Creating configuration .INI file...
DEBUG:root:Running SNOWPACK...
DEBUG:root:Reading .pro file
INFO:root:Track Number: 49
DEBUG:root:Cleaning...
DEBUG:root:Creating .SMET file...
INFO:root:Start:2016-08-31. End:2016-09-07
INFO:numexpr.utils:NumExpr defaulting to 8 threads.
DEBUG:root:Creating initial .SNO file...
DEBUG:root:Creating configuration .INI file...
DEBUG:root:Running SNOWPACK...
DEBUG:root:Reading .pro file
INFO:root:Track Number: 49
DEBUG:root:Cleaning...
DEBUG:root:Creating .SMET file...
INFO:root:Start:2016-08-31. End:2016-09-07
INFO:numexpr.utils:NumExpr defaulting to 8 threads.
DEBUG:root:Creating initial .SNO file...
DEBUG:root:Creating configuration .INI file...
DEBUG:root:Running SNOWPACK...
DEBUG:root:Reading .pro file
INFO:root:Track Number: 49
DEBUG:root:Cleaning...
DEBUG:root:Creating .SMET file...
INFO:root:Start:2016-08-31. End:2016-09-07
INFO:numexpr.utils:NumExpr defaulting to 8 threads.
DEBUG:root:Creating initial .SNO file...
DEBUG:root:Creating configuration .INI file...
DEBUG:root:Running SNOWPACK...
DEBUG:root:Reading .pro file
INFO:root:Track Number: 49
DEBUG:root:Cleaning...
DEBUG:root:Creating .SMET file...
INFO:root:Start:2016-08-31. End:2016-09-07
INFO:numexpr.utils:NumExpr defaulting to 8 threads.
DEBUG:root:Creating initial .SNO file...
DEBUG:root:Creating configuration .INI file...
DEBUG:root:Running SNOWPACK...
DEBUG:root:Reading .pro file
INFO:root:Track Number: 49
DEBUG:root:Cleaning...
DEBUG:root:Creating .SMET file...
INFO:root:Start:2016-08-31. End:2016-09-07
INFO:numexpr.utils:NumExpr defaulting to 8 threads.
DEBUG:root:Creating initial .SNO file...
DEBUG:root:Creating configuration .INI file...
DEBUG:root:Running SNOWPACK...
DEBUG:root:Reading .pro file
INFO:root:Track Number: 49
DEBUG:root:Cleaning...
DEBUG:root:Creating .SMET file...
INFO:root:Start:2016-08-31. End:2016-09-07
INFO:numexpr.utils:NumExpr defaulting to 8 threads.
DEBUG:root:Creating initial .SNO file...
DEBUG:root:Creating configuration .INI file...
DEBUG:root:Running SNOWPACK...
DEBUG:root:Reading .pro file
INFO:root:Track Number: 49
DEBUG:root:Cleaning...
DEBUG:root:Creating .SMET file...
INFO:root:Start:2016-08-31. End:2016-09-07
INFO:numexpr.utils:NumExpr defaulting to 8 threads.
DEBUG:root:Creating initial .SNO file...
DEBUG:root:Creating configuration .INI file...
DEBUG:root:Running SNOWPACK...
DEBUG:root:Reading .pro file
INFO:root:Track Number: 49
DEBUG:root:Cleaning...
DEBUG:root:Creating .SMET file...
INFO:root:Start:2016-08-31. End:2016-09-07
INFO:numexpr.utils:NumExpr defaulting to 8 threads.
DEBUG:root:Creating initial .SNO file...
DEBUG:root:Creating configuration .INI file...
DEBUG:root:Running SNOWPACK...
DEBUG:root:Reading .pro file
INFO:root:Track Number: 49
DEBUG:root:Cleaning...
DEBUG:root:Creating .SMET file...
INFO:root:Start:2016-08-31. End:2016-09-07
INFO:numexpr.utils:NumExpr defaulting to 8 threads.
DEBUG:root:Creating initial .SNO file...
DEBUG:root:Creating configuration .INI file...
DEBUG:root:Running SNOWPACK...
DEBUG:root:Reading .pro file
INFO:root:Track Number: 49
DEBUG:root:Cleaning...
DEBUG:root:Creating .SMET file...
INFO:root:Start:2016-08-31. End:2016-09-07
INFO:numexpr.utils:NumExpr defaulting to 8 threads.
DEBUG:root:Creating initial .SNO file...
DEBUG:root:Creating configuration .INI file...
DEBUG:root:Running SNOWPACK...
DEBUG:root:Reading .pro file
INFO:root:Track Number: 49
DEBUG:root:Cleaning...
DEBUG:root:Creating .SMET file...
INFO:root:Start:2016-08-31. End:2016-09-07
INFO:numexpr.utils:NumExpr defaulting to 8 threads.
DEBUG:root:Creating initial .SNO file...
DEBUG:root:Creating configuration .INI file...
DEBUG:root:Running SNOWPACK...
DEBUG:root:Reading .pro file
INFO:root:Track Number: 49
DEBUG:root:Cleaning...
DEBUG:root:Creating .SMET file...
INFO:root:Start:2016-08-31. End:2016-09-07
INFO:numexpr.utils:NumExpr defaulting to 8 threads.
DEBUG:root:Creating initial .SNO file...
DEBUG:root:Creating configuration .INI file...
DEBUG:root:Running SNOWPACK...
DEBUG:root:Reading .pro file
INFO:root:Track Number: 49
DEBUG:root:Cleaning...
DEBUG:root:Creating .SMET file...
INFO:root:Start:2016-08-31. End:2016-09-07
INFO:numexpr.utils:NumExpr defaulting to 8 threads.
DEBUG:root:Creating initial .SNO file...
DEBUG:root:Creating configuration .INI file...
DEBUG:root:Running SNOWPACK...
DEBUG:root:Reading .pro file
INFO:root:Track Number: 49
DEBUG:root:Cleaning...
DEBUG:root:Creating .SMET file...
INFO:root:Start:2016-08-31. End:2016-09-07
INFO:numexpr.utils:NumExpr defaulting to 8 threads.
DEBUG:root:Creating initial .SNO file...
INFO:root:Track Number: 49
DEBUG:root:Cleaning...
DEBUG:root:Creating .SMET file...
INFO:root:Start:2016-08-31. End:2016-09-07
INFO:numexpr.utils:NumExpr defaulting to 8 threads.
DEBUG:root:Creating initial .SNO file...
DEBUG:root:Creating configuration .INI file...
DEBUG:root:Running SNOWPACK...
DEBUG:root:Reading .pro file
INFO:root:Track Number: 49
DEBUG:root:Cleaning...
DEBUG:root:Creating .SMET file...
INFO:root:Start:2016-08-31. End:2016-09-07
INFO:numexpr.utils:NumExpr defaulting to 8 threads.
DEBUG:root:Creating initial .SNO file...
DEBUG:root:Creating configuration .INI file...
DEBUG:root:Running SNOWPACK...
DEBUG:root:Reading .pro file
INFO:root:Track Number: 49
DEBUG:root:Cleaning...
DEBUG:root:Creating .SMET file...
INFO:root:Start:2016-08-31. End:2016-09-07
INFO:numexpr.utils:NumExpr defaulting to 8 threads.
DEBUG:root:Creating initial .SNO file...
DEBUG:root:Creating configuration .INI file...
DEBUG:root:Running SNOWPACK...
DEBUG:root:Reading .pro file
INFO:root:Track Number: 49
DEBUG:root:Cleaning...
DEBUG:root:Creating .SMET file...
INFO:root:Start:2016-08-31. End:2016-09-07
INFO:numexpr.utils:NumExpr defaulting to 8 threads.
DEBUG:root:Creating initial .SNO file...
DEBUG:root:Creating configuration .INI file...
DEBUG:root:Running SNOWPACK...
DEBUG:root:Reading .pro file
INFO:root:Track Number: 49
DEBUG:root:Cleaning...
DEBUG:root:Creating .SMET file...
INFO:root:Start:2016-08-31. End:2016-09-07
INFO:numexpr.utils:NumExpr defaulting to 8 threads.
DEBUG:root:Creating initial .SNO file...
DEBUG:root:Creating configuration .INI file...
DEBUG:root:Running SNOWPACK...
DEBUG:root:Reading .pro file
INFO:root:Track Number: 49
DEBUG:root:Cleaning...
DEBUG:root:Creating .SMET file...
INFO:root:Start:2016-08-31. End:2016-09-07
INFO:numexpr.utils:NumExpr defaulting to 8 threads.
DEBUG:root:Creating initial .SNO file...
DEBUG:root:Creating configuration .INI file...
DEBUG:root:Running SNOWPACK...
DEBUG:root:Reading .pro file
INFO:root:Track Number: 49
DEBUG:root:Cleaning...
DEBUG:root:Creating .SMET file...
INFO:root:Start:2016-08-31. End:2016-09-07
INFO:numexpr.utils:NumExpr defaulting to 8 threads.
DEBUG:root:Creating initial .SNO file...
DEBUG:root:Creating configuration .INI file...
DEBUG:root:Running SNOWPACK...
DEBUG:root:Reading .pro file
INFO:root:Track Number: 49
DEBUG:root:Cleaning...
DEBUG:root:Creating .SMET file...
INFO:root:Start:2016-08-31. End:2016-09-07
INFO:numexpr.utils:NumExpr defaulting to 8 threads.
DEBUG:root:Creating initial .SNO file...
DEBUG:root:Creating configuration .INI file...
DEBUG:root:Running SNOWPACK...
DEBUG:root:Reading .pro file
INFO:root:Track Number: 49
DEBUG:root:Cleaning...
DEBUG:root:Creating .SMET file...
INFO:root:Start:2016-08-31. End:2016-09-07
INFO:numexpr.utils:NumExpr defaulting to 8 threads.
DEBUG:root:Creating initial .SNO file...
DEBUG:root:Creating configuration .INI file...
DEBUG:root:Running SNOWPACK...
DEBUG:root:Reading .pro file
INFO:root:Track Number: 49
DEBUG:root:Cleaning...
DEBUG:root:Creating .SMET file...
INFO:root:Start:2016-08-31. End:2016-09-07
INFO:numexpr.utils:NumExpr defaulting to 8 threads.
DEBUG:root:Creating initial .SNO file...
INFO:root:Track Number: 49
DEBUG:root:Cleaning...
DEBUG:root:Creating .SMET file...
INFO:root:Start:2016-08-31. End:2016-09-07
INFO:numexpr.utils:NumExpr defaulting to 8 threads.
DEBUG:root:Creating initial .SNO file...
INFO:root:Track Number: 49
DEBUG:root:Cleaning...
DEBUG:root:Creating .SMET file...
INFO:root:Start:2016-08-31. End:2016-09-07
INFO:numexpr.utils:NumExpr defaulting to 8 threads.
DEBUG:root:Creating initial .SNO file...
INFO:root:Track Number: 49
DEBUG:root:Cleaning...
DEBUG:root:Creating .SMET file...
INFO:root:Start:2016-08-31. End:2016-09-07
INFO:numexpr.utils:NumExpr defaulting to 8 threads.
DEBUG:root:Creating initial .SNO file...
INFO:root:Track Number: 49
DEBUG:root:Cleaning...
DEBUG:root:Creating .SMET file...
INFO:root:Start:2016-08-31. End:2016-09-07
INFO:numexpr.utils:NumExpr defaulting to 8 threads.
DEBUG:root:Creating initial .SNO file...
DEBUG:root:Creating configuration .INI file...
DEBUG:root:Running SNOWPACK...
DEBUG:root:Reading .pro file
INFO:root:Track Number: 49
DEBUG:root:Cleaning...
DEBUG:root:Creating .SMET file...
INFO:root:Start:2016-08-31. End:2016-09-07
INFO:numexpr.utils:NumExpr defaulting to 8 threads.
DEBUG:root:Creating initial .SNO file...
DEBUG:root:Creating configuration .INI file...
DEBUG:root:Running SNOWPACK...
DEBUG:root:Reading .pro file
INFO:root:Track Number: 10040
DEBUG:root:Cleaning...
DEBUG:root:Creating .SMET file...
INFO:root:Start:2016-09-29. End:2017-04-30
INFO:numexpr.utils:NumExpr defaulting to 8 threads.
DEBUG:root:Creating initial .SNO file...
DEBUG:root:Creating configuration .INI file...
DEBUG:root:Running SNOWPACK...
DEBUG:root:Reading .pro file
INFO:root:Track Number: 10000
DEBUG:root:Cleaning...
DEBUG:root:Creating .SMET file...
INFO:root:Start:2016-09-29. End:2017-04-30
INFO:root:Track Number: 10000
DEBUG:root:Cleaning...
DEBUG:root:Creating .SMET file...
INFO:root:Start:2016-09-29. End:2017-04-30
INFO:numexpr.utils:NumExpr defaulting to 8 threads.
DEBUG:root:Creating initial .SNO file...
DEBUG:root:Creating configuration .INI file...
DEBUG:root:Running SNOWPACK...
DEBUG:root:Reading .pro file
INFO:root:Track Number: 10000
DEBUG:root:Cleaning...
DEBUG:root:Creating .SMET file...
INFO:root:Start:2016-09-29. End:2017-04-30
INFO:numexpr.utils:NumExpr defaulting to 8 threads.
DEBUG:root:Creating initial .SNO file...
DEBUG:root:Creating configuration .INI file...
DEBUG:root:Running SNOWPACK...
DEBUG:root:Reading .pro file
INFO:root:Track Number: 10000
DEBUG:root:Cleaning...
DEBUG:root:Creating .SMET file...
INFO:root:Start:2016-09-29. End:2017-04-30
INFO:numexpr.utils:NumExpr defaulting to 8 threads.
DEBUG:root:Creating initial .SNO file...
DEBUG:root:Creating configuration .INI file...
DEBUG:root:Running SNOWPACK...
DEBUG:root:Reading .pro file
INFO:root:Track Number: 10000
DEBUG:root:Cleaning...
DEBUG:root:Creating .SMET file...
INFO:root:Start:2016-09-29. End:2017-04-30
INFO:numexpr.utils:NumExpr defaulting to 8 threads.
DEBUG:root:Creating initial .SNO file...
DEBUG:root:Creating configuration .INI file...
DEBUG:root:Running SNOWPACK...
DEBUG:root:Reading .pro file
INFO:root:Track Number: 10000
DEBUG:root:Cleaning...
DEBUG:root:Creating .SMET file...
INFO:root:Start:2016-09-29. End:2017-04-30
INFO:numexpr.utils:NumExpr defaulting to 8 threads.
DEBUG:root:Creating initial .SNO file...
DEBUG:root:Creating configuration .INI file...
DEBUG:root:Running SNOWPACK...
DEBUG:root:Reading .pro file
INFO:root:Track Number: 10000
DEBUG:root:Cleaning...
DEBUG:root:Creating .SMET file...
INFO:root:Start:2016-09-29. End:2017-04-30
INFO:numexpr.utils:NumExpr defaulting to 8 threads.
DEBUG:root:Creating initial .SNO file...
DEBUG:root:Creating configuration .INI file...
DEBUG:root:Running SNOWPACK...
DEBUG:root:Reading .pro file
INFO:root:Track Number: 20000
DEBUG:root:Cleaning...
DEBUG:root:Creating .SMET file...
INFO:root:Start:2016-12-08. End:2017-04-30
DEBUG:root:Creating initial .SNO file...
DEBUG:root:Creating configuration .INI file...
DEBUG:root:Running SNOWPACK...
DEBUG:root:Reading .pro file
INFO:root:Track Number: 30000
DEBUG:root:Cleaning...
DEBUG:root:Creating .SMET file...
INFO:root:Start:2017-01-26. End:2017-02-08
DEBUG:root:Creating initial .SNO file...
DEBUG:root:Creating configuration .INI file...
DEBUG:root:Running SNOWPACK...
DEBUG:root:Reading .pro file
INFO:root:Track Number: 40000
DEBUG:root:Cleaning...
DEBUG:root:Creating .SMET file...
INFO:root:Start:2017-03-02. End:2017-04-30
DEBUG:root:Creating initial .SNO file...
DEBUG:root:Creating configuration .INI file...
DEBUG:root:Running SNOWPACK...
DEBUG:root:Reading .pro file
INFO:root:Track Number: 50000
DEBUG:root:Cleaning...
DEBUG:root:Creating .SMET file...
INFO:root:Start:2017-04-20. End:2017-04-30
DEBUG:root:Creating initial .SNO file...
DEBUG:root:Creating configuration .INI file...
DEBUG:root:Running SNOWPACK...
DEBUG:root:Reading .pro file
INFO:root:Track Number: 60000
DEBUG:root:Cleaning...
DEBUG:root:Creating .SMET file...
DEBUG:root:Empty list upon trimming to stop date
INFO:root:Passing Track Number 60000
INFO:root:Track Number: 70000
DEBUG:root:Cleaning...
DEBUG:root:Creating .SMET file...
INFO:root:Track Number: 10000
DEBUG:root:Cleaning...
DEBUG:root:Creating .SMET file...
INFO:root:Start:2016-09-29. End:2017-04-30
INFO:numexpr.utils:NumExpr defaulting to 8 threads.
DEBUG:root:Creating initial .SNO file...
DEBUG:root:Creating configuration .INI file...
DEBUG:root:Running SNOWPACK...
DEBUG:root:Reading .pro file
INFO:root:Track Number: 10000
DEBUG:root:Cleaning...
DEBUG:root:Creating .SMET file...
INFO:root:Start:2016-09-29. End:2017-04-30
INFO:numexpr.utils:NumExpr defaulting to 8 threads.
DEBUG:root:Creating initial .SNO file...
DEBUG:root:Creating configuration .INI file...
DEBUG:root:Running SNOWPACK...
DEBUG:root:Reading .pro file
INFO:root:Track Number: 13000
DEBUG:root:Cleaning...
DEBUG:root:Creating .SMET file...
INFO:root:Start:2016-10-27. End:2017-04-30
DEBUG:root:Creating initial .SNO file...
DEBUG:root:Creating configuration .INI file...
DEBUG:root:Running SNOWPACK...
DEBUG:root:Reading .pro file
INFO:root:Track Number: 16000
DEBUG:root:Cleaning...
DEBUG:root:Creating .SMET file...
INFO:root:Start:2016-11-17. End:2017-04-30
DEBUG:root:Creating initial .SNO file...
DEBUG:root:Creating configuration .INI file...
DEBUG:root:Running SNOWPACK...
DEBUG:root:Reading .pro file
INFO:root:Track Number: 19000
DEBUG:root:Cleaning...
DEBUG:root:Creating .SMET file...
INFO:root:Start:2016-12-08. End:2017-04-30
DEBUG:root:Creating initial .SNO file...
DEBUG:root:Creating configuration .INI file...
DEBUG:root:Running SNOWPACK...
DEBUG:root:Reading .pro file
INFO:root:Track Number: 22000
DEBUG:root:Cleaning...
DEBUG:root:Creating .SMET file...
INFO:root:Start:2016-12-15. End:2017-04-30
DEBUG:root:Creating initial .SNO file...
DEBUG:root:Creating configuration .INI file...
DEBUG:root:Running SNOWPACK...
DEBUG:root:Reading .pro file
INFO:root:Track Number: 25000
DEBUG:root:Cleaning...
DEBUG:root:Creating .SMET file...
INFO:root:Start:2017-01-05. End:2017-04-30
DEBUG:root:Creating initial .SNO file...
DEBUG:root:Creating configuration .INI file...
DEBUG:root:Running SNOWPACK...
DEBUG:root:Reading .pro file
INFO:root:Track Number: 10000
INFO:root:Start:2016-09-29. End:2017-04-30
INFO:numexpr.utils:NumExpr defaulting to 8 threads.
DEBUG:root:Creating initial .SNO file...
DEBUG:root:Creating configuration .INI file...
DEBUG:root:Running SNOWPACK...
DEBUG:root:Reading .pro file
INFO:root:Track Number: 13000
INFO:root:Start:2016-10-27. End:2017-04-30
DEBUG:root:Creating initial .SNO file...
DEBUG:root:Creating configuration .INI file...
DEBUG:root:Running SNOWPACK...
DEBUG:root:Reading .pro file
INFO:root:Track Number: 16000
INFO:root:Start:2016-11-17. End:2017-04-30
DEBUG:root:Creating initial .SNO file...
DEBUG:root:Creating configuration .INI file...
DEBUG:root:Running SNOWPACK...
DEBUG:root:Reading .pro file
INFO:root:Track Number: 19000
INFO:root:Start:2016-12-08. End:2017-04-30
INFO:root:Track Number: 10000
INFO:root:Start:2016-09-29. End:2017-04-30
INFO:numexpr.utils:NumExpr defaulting to 8 threads.
DEBUG:root:Creating initial .SNO file...
DEBUG:root:Creating configuration .INI file...
DEBUG:root:Running SNOWPACK...
DEBUG:root:Reading .pro file
INFO:root:Track Number: 13000
INFO:root:Start:2016-10-27. End:2017-04-30
INFO:root:Track Number: 49
INFO:root:Start:2016-08-31. End:2016-09-07
INFO:numexpr.utils:NumExpr defaulting to 8 threads.
DEBUG:root:Creating initial .SNO file...
DEBUG:root:Creating configuration .INI file...
DEBUG:root:Running SNOWPACK...
DEBUG:root:Reading .pro file
INFO:root:Track Number: 49
INFO:root:Start:2016-08-31. End:2016-09-07
INFO:numexpr.utils:NumExpr defaulting to 8 threads.
DEBUG:root:Creating initial .SNO file...
DEBUG:root:Creating configuration .INI file...
DEBUG:root:Running SNOWPACK...
DEBUG:root:Reading .pro file
INFO:root:Track Number: 49
INFO:root:Start:2016-08-31. End:2016-09-07
INFO:numexpr.utils:NumExpr defaulting to 8 threads.
DEBUG:root:Creating initial .SNO file...
DEBUG:root:Creating configuration .INI file...
DEBUG:root:Running SNOWPACK...
DEBUG:root:Reading .pro file
INFO:root:Track Number: 49
INFO:root:Start:2016-08-31. End:2016-09-07
INFO:numexpr.utils:NumExpr defaulting to 8 threads.
DEBUG:root:Creating initial .SNO file...
DEBUG:root:Creating configuration .INI file...
DEBUG:root:Running SNOWPACK...
DEBUG:root:Reading .pro file
INFO:root:Track Number: 49
INFO:root:Start:2016-08-31. End:2016-09-07
INFO:numexpr.utils:NumExpr defaulting to 8 threads.
DEBUG:root:Creating initial .SNO file...
DEBUG:root:Creating configuration .INI file...
DEBUG:root:Running SNOWPACK...
DEBUG:root:Reading .pro file
INFO:root:Track Number: 49
INFO:root:Start:2016-08-31. End:2016-09-07
INFO:numexpr.utils:NumExpr defaulting to 8 threads.
DEBUG:root:Creating initial .SNO file...
DEBUG:root:Creating configuration .INI file...
DEBUG:root:Running SNOWPACK...
DEBUG:root:Reading .pro file
INFO:root:Track Number: 49
INFO:root:Start:2016-08-31. End:2016-09-07
INFO:numexpr.utils:NumExpr defaulting to 8 threads.
DEBUG:root:Creating initial .SNO file...
DEBUG:root:Creating configuration .INI file...
DEBUG:root:Running SNOWPACK...
DEBUG:root:Reading .pro file
INFO:root:Track Number: 49
INFO:root:Start:2016-08-31. End:2016-09-07
INFO:numexpr.utils:NumExpr defaulting to 8 threads.
DEBUG:root:Creating initial .SNO file...
DEBUG:root:Creating configuration .INI file...
DEBUG:root:Running SNOWPACK...
DEBUG:root:Reading .pro file
INFO:root:Track Number: 49
INFO:root:Start:2016-08-31. End:2016-09-07
INFO:numexpr.utils:NumExpr defaulting to 8 threads.
DEBUG:root:Creating initial .SNO file...
DEBUG:root:Creating configuration .INI file...
DEBUG:root:Running SNOWPACK...
DEBUG:root:Reading .pro file
INFO:root:Track Number: 49
INFO:root:Start:2016-08-31. End:2016-09-07
INFO:numexpr.utils:NumExpr defaulting to 8 threads.
DEBUG:root:Creating initial .SNO file...
DEBUG:root:Creating configuration .INI file...
DEBUG:root:Running SNOWPACK...
DEBUG:root:Reading .pro file
INFO:root:Track Number: 49
INFO:root:Start:2016-08-31. End:2016-09-07
INFO:numexpr.utils:NumExpr defaulting to 8 threads.
DEBUG:root:Creating initial .SNO file...
DEBUG:root:Creating configuration .INI file...
DEBUG:root:Running SNOWPACK...
DEBUG:root:Reading .pro file
INFO:root:Track Number: 49
INFO:root:Start:2016-08-31. End:2016-09-07
INFO:numexpr.utils:NumExpr defaulting to 8 threads.
DEBUG:root:Creating initial .SNO file...
DEBUG:root:Creating configuration .INI file...
DEBUG:root:Running SNOWPACK...
DEBUG:root:Reading .pro file
INFO:root:Track Number: 49
INFO:root:Start:2016-08-31. End:2016-09-07
INFO:numexpr.utils:NumExpr defaulting to 8 threads.
DEBUG:root:Creating initial .SNO file...
DEBUG:root:Creating configuration .INI file...
DEBUG:root:Running SNOWPACK...
DEBUG:root:Reading .pro file
INFO:root:Track Number: 49
INFO:root:Start:2016-08-31. End:2016-09-07
INFO:numexpr.utils:NumExpr defaulting to 8 threads.
DEBUG:root:Creating initial .SNO file...
DEBUG:root:Creating configuration .INI file...
DEBUG:root:Running SNOWPACK...
DEBUG:root:Reading .pro file
INFO:root:Track Number: 49
INFO:root:Start:2016-08-31. End:2016-09-07
INFO:numexpr.utils:NumExpr defaulting to 8 threads.
DEBUG:root:Creating initial .SNO file...
DEBUG:root:Creating configuration .INI file...
DEBUG:root:Running SNOWPACK...
DEBUG:root:Reading .pro file
INFO:root:Track Number: 49
INFO:root:Start:2016-08-31. End:2016-09-07
INFO:numexpr.utils:NumExpr defaulting to 8 threads.
DEBUG:root:Creating initial .SNO file...
DEBUG:root:Creating configuration .INI file...
DEBUG:root:Running SNOWPACK...
DEBUG:root:Reading .pro file
INFO:root:Track Number: 49
INFO:root:Start:2016-08-31. End:2016-09-07
INFO:numexpr.utils:NumExpr defaulting to 8 threads.
DEBUG:root:Creating initial .SNO file...
DEBUG:root:Creating configuration .INI file...
DEBUG:root:Running SNOWPACK...
DEBUG:root:Reading .pro file
INFO:root:Track Number: 49
INFO:root:Start:2016-08-31. End:2016-09-07
INFO:numexpr.utils:NumExpr defaulting to 8 threads.
DEBUG:root:Creating initial .SNO file...
DEBUG:root:Creating configuration .INI file...
DEBUG:root:Running SNOWPACK...
DEBUG:root:Reading .pro file
INFO:root:Track Number: 49
INFO:root:Start:2016-08-31. End:2016-09-07
INFO:numexpr.utils:NumExpr defaulting to 8 threads.
DEBUG:root:Creating initial .SNO file...
DEBUG:root:Creating configuration .INI file...
DEBUG:root:Running SNOWPACK...
DEBUG:root:Reading .pro file
INFO:root:Track Number: 49
INFO:root:Start:2016-08-31. End:2016-09-07
INFO:numexpr.utils:NumExpr defaulting to 8 threads.
DEBUG:root:Creating initial .SNO file...
DEBUG:root:Creating configuration .INI file...
DEBUG:root:Running SNOWPACK...
DEBUG:root:Reading .pro file
INFO:root:Track Number: 49
INFO:root:Start:2016-08-31. End:2016-09-07
INFO:numexpr.utils:NumExpr defaulting to 8 threads.
DEBUG:root:Creating initial .SNO file...
DEBUG:root:Creating configuration .INI file...
DEBUG:root:Running SNOWPACK...
DEBUG:root:Reading .pro file
INFO:root:Track Number: 49
INFO:root:Start:2016-08-31. End:2016-09-07
INFO:numexpr.utils:NumExpr defaulting to 8 threads.
DEBUG:root:Creating initial .SNO file...
DEBUG:root:Creating configuration .INI file...
DEBUG:root:Running SNOWPACK...
DEBUG:root:Reading .pro file
INFO:root:Track Number: 49
INFO:root:Start:2016-08-31. End:2016-09-07
INFO:numexpr.utils:NumExpr defaulting to 8 threads.
DEBUG:root:Creating initial .SNO file...
DEBUG:root:Creating configuration .INI file...
DEBUG:root:Running SNOWPACK...
DEBUG:root:Reading .pro file
INFO:root:Track Number: 49
INFO:root:Start:2016-08-31. End:2016-09-07
INFO:numexpr.utils:NumExpr defaulting to 8 threads.
DEBUG:root:Creating initial .SNO file...
DEBUG:root:Creating configuration .INI file...
DEBUG:root:Running SNOWPACK...
DEBUG:root:Reading .pro file
INFO:root:Track Number: 49
INFO:root:Start:2016-08-31. End:2016-09-07
INFO:numexpr.utils:NumExpr defaulting to 8 threads.
DEBUG:root:Creating initial .SNO file...
DEBUG:root:Creating configuration .INI file...
DEBUG:root:Running SNOWPACK...
DEBUG:root:Reading .pro file
INFO:root:Track Number: 49
INFO:root:Start:2016-08-31. End:2016-09-07
INFO:numexpr.utils:NumExpr defaulting to 8 threads.
DEBUG:root:Creating initial .SNO file...
DEBUG:root:Creating configuration .INI file...
DEBUG:root:Running SNOWPACK...
DEBUG:root:Reading .pro file
INFO:root:Track Number: 49
INFO:root:Start:2016-08-31. End:2016-09-07
INFO:numexpr.utils:NumExpr defaulting to 8 threads.
DEBUG:root:Creating initial .SNO file...
DEBUG:root:Creating configuration .INI file...
DEBUG:root:Running SNOWPACK...
DEBUG:root:Reading .pro file
INFO:root:Track Number: 10000
INFO:root:Start:2016-09-29. End:2017-04-30
INFO:numexpr.utils:NumExpr defaulting to 8 threads.
DEBUG:root:Creating initial .SNO file...
DEBUG:root:Creating configuration .INI file...
DEBUG:root:Running SNOWPACK...
DEBUG:root:Reading .pro file
INFO:root:Track Number: 13000
INFO:root:Start:2016-10-27. End:2017-04-30
DEBUG:root:Creating initial .SNO file...
DEBUG:root:Creating configuration .INI file...
DEBUG:root:Running SNOWPACK...
DEBUG:root:Reading .pro file
INFO:root:Track Number: 16000
INFO:root:Start:2016-11-17. End:2017-04-30
DEBUG:root:Creating initial .SNO file...
DEBUG:root:Creating configuration .INI file...
DEBUG:root:Running SNOWPACK...
DEBUG:root:Reading .pro file
INFO:root:Track Number: 19000
INFO:root:Start:2016-12-08. End:2017-04-30
DEBUG:root:Creating initial .SNO file...
DEBUG:root:Creating configuration .INI file...
DEBUG:root:Running SNOWPACK...
DEBUG:root:Reading .pro file
INFO:root:Track Number: 22000
INFO:root:Start:2016-12-15. End:2017-04-30
DEBUG:root:Creating initial .SNO file...
DEBUG:root:Creating configuration .INI file...
DEBUG:root:Running SNOWPACK...
DEBUG:root:Reading .pro file
INFO:root:Track Number: 25000
INFO:root:Start:2017-01-05. End:2017-04-30
DEBUG:root:Creating initial .SNO file...
DEBUG:root:Creating configuration .INI file...
DEBUG:root:Running SNOWPACK...
DEBUG:root:Reading .pro file
INFO:root:Track Number: 28000
INFO:root:Start:2017-01-12. End:2017-01-25
DEBUG:root:Creating initial .SNO file...
DEBUG:root:Creating configuration .INI file...
DEBUG:root:Running SNOWPACK...
DEBUG:root:Reading .pro file
INFO:root:Track Number: 31000
INFO:root:Start:2017-01-26. End:2017-04-30
DEBUG:root:Creating initial .SNO file...
DEBUG:root:Creating configuration .INI file...
DEBUG:root:Running SNOWPACK...
DEBUG:root:Reading .pro file
INFO:root:Track Number: 34000
INFO:root:Start:2017-02-09. End:2017-04-30
DEBUG:root:Creating initial .SNO file...
DEBUG:root:Creating configuration .INI file...
DEBUG:root:Running SNOWPACK...
DEBUG:root:Reading .pro file
INFO:root:Track Number: 37000
DEBUG:root:Empty list upon trimming nans
INFO:root:Passing Track Number 37000
INFO:root:Track Number: 40000
INFO:root:Start:2017-03-02. End:2017-04-30
DEBUG:root:Creating initial .SNO file...
DEBUG:root:Creating configuration .INI file...
DEBUG:root:Running SNOWPACK...
DEBUG:root:Reading .pro file
INFO:root:Track Number: 43000
INFO:root:Start:2017-03-16. End:2017-04-30
DEBUG:root:Creating initial .SNO file...
DEBUG:root:Creating configuration .INI file...
DEBUG:root:Running SNOWPACK...
DEBUG:root:Reading .pro file
INFO:root:Track Number: 46000
INFO:root:Start:2017-03-30. End:2017-04-30
DEBUG:root:Creating initial .SNO file...
DEBUG:root:Creating configuration .INI file...
DEBUG:root:Running SNOWPACK...
DEBUG:root:Reading .pro file
INFO:root:Track Number: 49000
INFO:root:Start:2017-04-13. End:2017-04-30
DEBUG:root:Creating initial .SNO file...
DEBUG:root:Creating configuration .INI file...
DEBUG:root:Running SNOWPACK...
DEBUG:root:Reading .pro file
INFO:root:Track Number: 52000
INFO:root:Start:2017-04-27. End:2017-04-30
DEBUG:root:Creating initial .SNO file...
DEBUG:root:Creating configuration .INI file...
DEBUG:root:Running SNOWPACK...
DEBUG:root:Reading .pro file
INFO:root:Track Number: 55000
DEBUG:root:Empty list upon trimming to stop date
INFO:root:Passing Track Number 55000
INFO:root:Track Number: 58000
DEBUG:root:Empty list upon trimming to stop date
INFO:root:Passing Track Number 58000
INFO:root:Track Number: 10000
INFO:root:Start:2016-09-29. End:2017-04-30
INFO:numexpr.utils:NumExpr defaulting to 8 threads.
DEBUG:root:Creating initial .SNO file...
DEBUG:root:Creating configuration .INI file...
DEBUG:root:Running SNOWPACK...
INFO:root:Track Number: 10000
INFO:root:Start:2016-09-29. End:2017-04-30
INFO:numexpr.utils:NumExpr defaulting to 8 threads.
DEBUG:root:Creating initial .SNO file...
DEBUG:root:Creating configuration .INI file...
DEBUG:root:Running SNOWPACK...
DEBUG:root:Reading .pro file
INFO:root:Track Number: 13000
INFO:root:Start:2016-10-27. End:2017-04-30
DEBUG:root:Creating initial .SNO file...
DEBUG:root:Creating configuration .INI file...
DEBUG:root:Running SNOWPACK...
DEBUG:root:Reading .pro file
INFO:root:Track Number: 16000
INFO:root:Start:2016-11-17. End:2017-04-30
DEBUG:root:Creating initial .SNO file...
DEBUG:root:Creating configuration .INI file...
DEBUG:root:Running SNOWPACK...
DEBUG:root:Reading .pro file
INFO:root:Track Number: 19000
INFO:root:Start:2016-12-08. End:2017-04-30
DEBUG:root:Creating initial .SNO file...
DEBUG:root:Creating configuration .INI file...
DEBUG:root:Running SNOWPACK...
DEBUG:root:Reading .pro file
INFO:root:Track Number: 22000
INFO:root:Start:2016-12-15. End:2017-04-30
DEBUG:root:Creating initial .SNO file...
DEBUG:root:Creating configuration .INI file...
DEBUG:root:Running SNOWPACK...
DEBUG:root:Reading .pro file
INFO:root:Track Number: 25000
INFO:root:Start:2017-01-05. End:2017-04-30
DEBUG:root:Creating initial .SNO file...
DEBUG:root:Creating configuration .INI file...
DEBUG:root:Running SNOWPACK...
DEBUG:root:Reading .pro file
INFO:root:Track Number: 28000
INFO:root:Start:2017-01-12. End:2017-01-25
DEBUG:root:Creating initial .SNO file...
DEBUG:root:Creating configuration .INI file...
DEBUG:root:Running SNOWPACK...
DEBUG:root:Reading .pro file
INFO:root:Track Number: 31000
INFO:root:Start:2017-01-26. End:2017-04-30
DEBUG:root:Creating initial .SNO file...
DEBUG:root:Creating configuration .INI file...
DEBUG:root:Running SNOWPACK...
DEBUG:root:Reading .pro file
INFO:root:Track Number: 34000
INFO:root:Start:2017-02-09. End:2017-04-30
DEBUG:root:Creating initial .SNO file...
DEBUG:root:Creating configuration .INI file...
DEBUG:root:Running SNOWPACK...
DEBUG:root:Reading .pro file
INFO:root:Track Number: 37000
DEBUG:root:Empty list upon trimming nans
INFO:root:Passing Track Number 37000
INFO:root:Track Number: 40000
INFO:root:Start:2017-03-02. End:2017-04-30
DEBUG:root:Creating initial .SNO file...
DEBUG:root:Creating configuration .INI file...
DEBUG:root:Running SNOWPACK...
DEBUG:root:Reading .pro file
INFO:root:Track Number: 43000
INFO:root:Start:2017-03-16. End:2017-04-30
DEBUG:root:Creating initial .SNO file...
DEBUG:root:Creating configuration .INI file...
DEBUG:root:Running SNOWPACK...
DEBUG:root:Reading .pro file
INFO:root:Track Number: 46000
INFO:root:Start:2017-03-30. End:2017-04-30
DEBUG:root:Creating initial .SNO file...
DEBUG:root:Creating configuration .INI file...
DEBUG:root:Running SNOWPACK...
DEBUG:root:Reading .pro file
INFO:root:Track Number: 49000
INFO:root:Start:2017-04-13. End:2017-04-30
DEBUG:root:Creating initial .SNO file...
DEBUG:root:Creating configuration .INI file...
DEBUG:root:Running SNOWPACK...
DEBUG:root:Reading .pro file
INFO:root:Track Number: 52000
INFO:root:Start:2017-04-27. End:2017-04-30
DEBUG:root:Creating initial .SNO file...
DEBUG:root:Creating configuration .INI file...
DEBUG:root:Running SNOWPACK...
DEBUG:root:Reading .pro file
INFO:root:Track Number: 55000
DEBUG:root:Empty list upon trimming to stop date
INFO:root:Passing Track Number 55000
INFO:root:Track Number: 58000
DEBUG:root:Empty list upon trimming to stop date
INFO:root:Passing Track Number 58000
INFO:root:Track Number: 10600
INFO:root:Start:2016-10-06. End:2017-04-30
INFO:root:Track Number: 10600
INFO:root:Start:2016-10-06. End:2017-04-30
INFO:numexpr.utils:NumExpr defaulting to 8 threads.
DEBUG:root:Creating initial .SNO file...
DEBUG:root:Creating configuration .INI file...
DEBUG:root:Running SNOWPACK...
DEBUG:root:Reading .pro file
INFO:root:Track Number: 10600
INFO:root:Start:2016-10-06. End:2017-04-30
INFO:numexpr.utils:NumExpr defaulting to 8 threads.
DEBUG:root:Creating initial .SNO file...
DEBUG:root:Creating configuration .INI file...
DEBUG:root:Running SNOWPACK...
DEBUG:root:Reading .pro file
INFO:root:Track Number: 10600
INFO:root:Start:2016-10-06. End:2017-04-30
INFO:numexpr.utils:NumExpr defaulting to 8 threads.
DEBUG:root:Creating initial .SNO file...
DEBUG:root:Creating configuration .INI file...
DEBUG:root:Running SNOWPACK...
DEBUG:root:Reading .pro file
INFO:root:Track Number: 10600
INFO:root:Start:2016-10-06. End:2017-04-30
INFO:numexpr.utils:NumExpr defaulting to 8 threads.
DEBUG:root:Creating initial .SNO file...
DEBUG:root:Creating configuration .INI file...
DEBUG:root:Running SNOWPACK...
DEBUG:root:Reading .pro file
INFO:root:Track Number: 13600
INFO:root:Start:2016-10-27. End:2017-04-30
DEBUG:root:Creating initial .SNO file...
DEBUG:root:Creating configuration .INI file...
DEBUG:root:Running SNOWPACK...
DEBUG:root:Reading .pro file
INFO:root:Track Number: 16600
DEBUG:root:Empty list upon trimming nans
INFO:root:Passing Track Number 16600
INFO:root:Track Number: 19600
INFO:root:Start:2016-12-08. End:2017-04-30
DEBUG:root:Creating initial .SNO file...
DEBUG:root:Creating configuration .INI file...
DEBUG:root:Running SNOWPACK...
DEBUG:root:Reading .pro file
INFO:root:Track Number: 22600
INFO:root:Start:2016-12-22. End:2017-04-30
DEBUG:root:Creating initial .SNO file...
DEBUG:root:Creating configuration .INI file...
DEBUG:root:Running SNOWPACK...
DEBUG:root:Reading .pro file
INFO:root:Track Number: 25600
INFO:root:Start:2017-01-05. End:2017-04-30
DEBUG:root:Creating initial .SNO file...
DEBUG:root:Creating configuration .INI file...
DEBUG:root:Running SNOWPACK...
DEBUG:root:Reading .pro file
INFO:root:Track Number: 28600
INFO:root:Start:2017-01-19. End:2017-04-30
DEBUG:root:Creating initial .SNO file...
DEBUG:root:Creating configuration .INI file...
DEBUG:root:Running SNOWPACK...
DEBUG:root:Reading .pro file
INFO:root:Track Number: 31600
INFO:root:Start:2017-01-26. End:2017-04-30
DEBUG:root:Creating initial .SNO file...
DEBUG:root:Creating configuration .INI file...
DEBUG:root:Running SNOWPACK...
DEBUG:root:Reading .pro file
INFO:root:Track Number: 34600
INFO:root:Start:2017-02-09. End:2017-04-30
DEBUG:root:Creating initial .SNO file...
DEBUG:root:Creating configuration .INI file...
DEBUG:root:Running SNOWPACK...
DEBUG:root:Reading .pro file
INFO:root:Track Number: 37600
INFO:root:Start:2017-02-23. End:2017-04-30
DEBUG:root:Creating initial .SNO file...
DEBUG:root:Creating configuration .INI file...
DEBUG:root:Running SNOWPACK...
DEBUG:root:Reading .pro file
INFO:root:Track Number: 40600
INFO:root:Start:2017-03-09. End:2017-04-26
DEBUG:root:Creating initial .SNO file...
DEBUG:root:Creating configuration .INI file...
DEBUG:root:Running SNOWPACK...
DEBUG:root:Reading .pro file
INFO:root:Track Number: 43600
INFO:root:Start:2017-03-16. End:2017-04-30
DEBUG:root:Creating initial .SNO file...
DEBUG:root:Creating configuration .INI file...
DEBUG:root:Running SNOWPACK...
DEBUG:root:Reading .pro file
INFO:root:Track Number: 46600
INFO:root:Start:2017-03-30. End:2017-04-30
DEBUG:root:Creating initial .SNO file...
DEBUG:root:Creating configuration .INI file...
DEBUG:root:Running SNOWPACK...
DEBUG:root:Reading .pro file
INFO:root:Track Number: 49600
DEBUG:root:Empty list upon trimming nans
INFO:root:Passing Track Number 49600
INFO:root:Track Number: 52600
DEBUG:root:Empty list upon trimming to stop date
INFO:root:Passing Track Number 52600
INFO:root:Track Number: 55600
DEBUG:root:Empty list upon trimming to stop date
INFO:root:Passing Track Number 55600
INFO:root:Track Number: 58600
DEBUG:root:Empty list upon trimming to stop date
INFO:root:Passing Track Number 58600
